Archive member included to satisfy reference by file (symbol)

/Applications/STM32CubeIDE.app/Contents/Eclipse/plugins/com.st.stm32cube.ide.mcu.externaltools.gnu-tools-for-stm32.14.3.rel1.macosaarch64_1.0.0.202602081740/tools/bin/../lib/gcc/arm-none-eabi/14.3.1/../../../../arm-none-eabi/lib/thumb/v6-m/nofp/libc_nano.a(libc_a-exit.o)
                              /Applications/STM32CubeIDE.app/Contents/Eclipse/plugins/com.st.stm32cube.ide.mcu.externaltools.gnu-tools-for-stm32.14.3.rel1.macosaarch64_1.0.0.202602081740/tools/bin/../lib/gcc/arm-none-eabi/14.3.1/../../../../arm-none-eabi/lib/thumb/v6-m/nofp/crt0.o (exit)
/Applications/STM32CubeIDE.app/Contents/Eclipse/plugins/com.st.stm32cube.ide.mcu.externaltools.gnu-tools-for-stm32.14.3.rel1.macosaarch64_1.0.0.202602081740/tools/bin/../lib/gcc/arm-none-eabi/14.3.1/../../../../arm-none-eabi/lib/thumb/v6-m/nofp/libc_nano.a(libc_a-findfp.o)
                              /Applications/STM32CubeIDE.app/Contents/Eclipse/plugins/com.st.stm32cube.ide.mcu.externaltools.gnu-tools-for-stm32.14.3.rel1.macosaarch64_1.0.0.202602081740/tools/bin/../lib/gcc/arm-none-eabi/14.3.1/../../../../arm-none-eabi/lib/thumb/v6-m/nofp/libc_nano.a(libc_a-exit.o) (__stdio_exit_handler)
/Applications/STM32CubeIDE.app/Contents/Eclipse/plugins/com.st.stm32cube.ide.mcu.externaltools.gnu-tools-for-stm32.14.3.rel1.macosaarch64_1.0.0.202602081740/tools/bin/../lib/gcc/arm-none-eabi/14.3.1/../../../../arm-none-eabi/lib/thumb/v6-m/nofp/libc_nano.a(libc_a-fwalk.o)
                              /Applications/STM32CubeIDE.app/Contents/Eclipse/plugins/com.st.stm32cube.ide.mcu.externaltools.gnu-tools-for-stm32.14.3.rel1.macosaarch64_1.0.0.202602081740/tools/bin/../lib/gcc/arm-none-eabi/14.3.1/../../../../arm-none-eabi/lib/thumb/v6-m/nofp/libc_nano.a(libc_a-findfp.o) (_fwalk_sglue)
/Applications/STM32CubeIDE.app/Contents/Eclipse/plugins/com.st.stm32cube.ide.mcu.externaltools.gnu-tools-for-stm32.14.3.rel1.macosaarch64_1.0.0.202602081740/tools/bin/../lib/gcc/arm-none-eabi/14.3.1/../../../../arm-none-eabi/lib/thumb/v6-m/nofp/libc_nano.a(libc_a-memset.o)
                              /Applications/STM32CubeIDE.app/Contents/Eclipse/plugins/com.st.stm32cube.ide.mcu.externaltools.gnu-tools-for-stm32.14.3.rel1.macosaarch64_1.0.0.202602081740/tools/bin/../lib/gcc/arm-none-eabi/14.3.1/../../../../arm-none-eabi/lib/thumb/v6-m/nofp/crt0.o (memset)
/Applications/STM32CubeIDE.app/Contents/Eclipse/plugins/com.st.stm32cube.ide.mcu.externaltools.gnu-tools-for-stm32.14.3.rel1.macosaarch64_1.0.0.202602081740/tools/bin/../lib/gcc/arm-none-eabi/14.3.1/../../../../arm-none-eabi/lib/thumb/v6-m/nofp/libc_nano.a(libc_a-errno.o)
                              ./Core/Src/syscalls.o (__errno)
/Applications/STM32CubeIDE.app/Contents/Eclipse/plugins/com.st.stm32cube.ide.mcu.externaltools.gnu-tools-for-stm32.14.3.rel1.macosaarch64_1.0.0.202602081740/tools/bin/../lib/gcc/arm-none-eabi/14.3.1/../../../../arm-none-eabi/lib/thumb/v6-m/nofp/libc_nano.a(libc_a-init.o)
                              /Applications/STM32CubeIDE.app/Contents/Eclipse/plugins/com.st.stm32cube.ide.mcu.externaltools.gnu-tools-for-stm32.14.3.rel1.macosaarch64_1.0.0.202602081740/tools/bin/../lib/gcc/arm-none-eabi/14.3.1/../../../../arm-none-eabi/lib/thumb/v6-m/nofp/crt0.o (__libc_init_array)
/Applications/STM32CubeIDE.app/Contents/Eclipse/plugins/com.st.stm32cube.ide.mcu.externaltools.gnu-tools-for-stm32.14.3.rel1.macosaarch64_1.0.0.202602081740/tools/bin/../lib/gcc/arm-none-eabi/14.3.1/../../../../arm-none-eabi/lib/thumb/v6-m/nofp/libc_nano.a(libc_a-lock.o)
                              /Applications/STM32CubeIDE.app/Contents/Eclipse/plugins/com.st.stm32cube.ide.mcu.externaltools.gnu-tools-for-stm32.14.3.rel1.macosaarch64_1.0.0.202602081740/tools/bin/../lib/gcc/arm-none-eabi/14.3.1/../../../../arm-none-eabi/lib/thumb/v6-m/nofp/libc_nano.a(libc_a-findfp.o) (__retarget_lock_init_recursive)
/Applications/STM32CubeIDE.app/Contents/Eclipse/plugins/com.st.stm32cube.ide.mcu.externaltools.gnu-tools-for-stm32.14.3.rel1.macosaarch64_1.0.0.202602081740/tools/bin/../lib/gcc/arm-none-eabi/14.3.1/../../../../arm-none-eabi/lib/thumb/v6-m/nofp/libc_nano.a(libc_a-impure.o)
                              /Applications/STM32CubeIDE.app/Contents/Eclipse/plugins/com.st.stm32cube.ide.mcu.externaltools.gnu-tools-for-stm32.14.3.rel1.macosaarch64_1.0.0.202602081740/tools/bin/../lib/gcc/arm-none-eabi/14.3.1/../../../../arm-none-eabi/lib/thumb/v6-m/nofp/libc_nano.a(libc_a-errno.o) (_impure_ptr)
/Applications/STM32CubeIDE.app/Contents/Eclipse/plugins/com.st.stm32cube.ide.mcu.externaltools.gnu-tools-for-stm32.14.3.rel1.macosaarch64_1.0.0.202602081740/tools/bin/../lib/gcc/arm-none-eabi/14.3.1/../../../../arm-none-eabi/lib/thumb/v6-m/nofp/libc_nano.a(libc_a-mallocr.o)
[...]
Memory Configuration

Name             Origin             Length             Attributes
RAM              0x20000000         0x00024000         xrw
FLASH            0x08000000         0x00080000         xr
*default*        0x00000000         0xffffffff

Linker script and memory map

LOAD /Applications/STM32CubeIDE.app/Contents/Eclipse/plugins/com.st.stm32cube.ide.mcu.externaltools.gnu-tools-for-stm32.14.3.rel1.macosaarch64_1.0.0.202602081740/tools/bin/../lib/gcc/arm-none-eabi/14.3.1/thumb/v6-m/nofp/crti.o
LOAD /Applications/STM32CubeIDE.app/Contents/Eclipse/plugins/com.st.stm32cube.ide.mcu.externaltools.gnu-tools-for-stm32.14.3.rel1.macosaarch64_1.0.0.202602081740/tools/bin/../lib/gcc/arm-none-eabi/14.3.1/thumb/v6-m/nofp/crtbegin.o
LOAD /Applications/STM32CubeIDE.app/Contents/Eclipse/plugins/com.st.stm32cube.ide.mcu.externaltools.gnu-tools-for-stm32.14.3.rel1.macosaarch64_1.0.0.202602081740/tools/bin/../lib/gcc/arm-none-eabi/14.3.1/../../../../arm-none-eabi/lib/thumb/v6-m/nofp/crt0.o
LOAD ./Core/Src/DS18B20.o
LOAD ./Core/Src/DS3231(CLK).o
LOAD ./Core/Src/main.o
LOAD ./Core/Src/mcp23017.o
LOAD ./Core/Src/ph.o
LOAD ./Core/Src/physical_controls.o
LOAD ./Core/Src/state_logic.o
LOAD ./Core/Src/state_machine.o
LOAD ./Core/Src/stm32g0xx_hal_msp.o
LOAD ./Core/Src/stm32g0xx_it.o
LOAD ./Core/Src/syscalls.o
LOAD ./Core/Src/sysmem.o
LOAD ./Core/Src/system_stm32g0xx.o
LOAD ./Core/Src/turbidity.o
LOAD ./Core/Src/waterlevel.o
LOAD ./Core/Startup/startup_stm32g0b1retx.o
LOAD ./Drivers/STM32G0xx_HAL_Driver/Src/stm32g0xx_hal.o
LOAD ./Drivers/STM32G0xx_HAL_Driver/Src/stm32g0xx_hal_adc.o
LOAD ./Drivers/STM32G0xx_HAL_Driver/Src/stm32g0xx_hal_adc_ex.o
LOAD ./Drivers/STM32G0xx_HAL_Driver/Src/stm32g0xx_hal_cortex.o
LOAD ./Drivers/STM32G0xx_HAL_Driver/Src/stm32g0xx_hal_dma.o
LOAD ./Drivers/STM32G0xx_HAL_Driver/Src/stm32g0xx_hal_dma_ex.o
LOAD ./Drivers/STM32G0xx_HAL_Driver/Src/stm32g0xx_hal_exti.o
LOAD ./Drivers/STM32G0xx_HAL_Driver/Src/stm32g0xx_hal_flash.o
LOAD ./Drivers/STM32G0xx_HAL_Driver/Src/stm32g0xx_hal_flash_ex.o
LOAD ./Drivers/STM32G0xx_HAL_Driver/Src/stm32g0xx_hal_gpio.o
LOAD ./Drivers/STM32G0xx_HAL_Driver/Src/stm32g0xx_hal_i2c.o
LOAD ./Drivers/STM32G0xx_HAL_Driver/Src/stm32g0xx_hal_i2c_ex.o
LOAD ./Drivers/STM32G0xx_HAL_Driver/Src/stm32g0xx_hal_pwr.o
LOAD ./Drivers/STM32G0xx_HAL_Driver/Src/stm32g0xx_hal_pwr_ex.o
LOAD ./Drivers/STM32G0xx_HAL_Driver/Src/stm32g0xx_hal_rcc.o
LOAD ./Drivers/STM32G0xx_HAL_Driver/Src/stm32g0xx_hal_rcc_ex.o
LOAD ./Drivers/STM32G0xx_HAL_Driver/Src/stm32g0xx_hal_uart.o
LOAD ./Drivers/STM32G0xx_HAL_Driver/Src/stm32g0xx_hal_uart_ex.o
LOAD ./Drivers/STM32G0xx_HAL_Driver/Src/stm32g0xx_ll_adc.o
LOAD ./Drivers/STM32G0xx_HAL_Driver/Src/stm32g0xx_ll_rcc.o
START GROUP
LOAD /Applications/STM32CubeIDE.app/Contents/Eclipse/plugins/com.st.stm32cube.ide.mcu.externaltools.gnu-tools-for-stm32.14.3.rel1.macosaarch64_1.0.0.202602081740/tools/bin/../lib/gcc/arm-none-eabi/14.3.1/../../../../arm-none-eabi/lib/thumb/v6-m/nofp/libc_nano.a
LOAD /Applications/STM32CubeIDE.app/Contents/Eclipse/plugins/com.st.stm32cube.ide.mcu.externaltools.gnu-tools-for-stm32.14.3.rel1.macosaarch64_1.0.0.202602081740/tools/bin/../lib/gcc/arm-none-eabi/14.3.1/../../../../arm-none-eabi/lib/thumb/v6-m/nofp/libm.a
END GROUP
START GROUP
LOAD /Applications/STM32CubeIDE.app/Contents/Eclipse/plugins/com.st.stm32cube.ide.mcu.externaltools.gnu-tools-for-stm32.14.3.rel1.macosaarch64_1.0.0.202602081740/tools/bin/../lib/gcc/arm-none-eabi/14.3.1/thumb/v6-m/nofp/libgcc.a
LOAD /Applications/STM32CubeIDE.app/Contents/Eclipse/plugins/com.st.stm32cube.ide.mcu.externaltools.gnu-tools-for-stm32.14.3.rel1.macosaarch64_1.0.0.202602081740/tools/bin/../lib/gcc/arm-none-eabi/14.3.1/../../../../arm-none-eabi/lib/thumb/v6-m/nofp/libc_nano.a
END GROUP
START GROUP
LOAD /Applications/STM32CubeIDE.app/Contents/Eclipse/plugins/com.st.stm32cube.ide.mcu.externaltools.gnu-tools-for-stm32.14.3.rel1.macosaarch64_1.0.0.202602081740/tools/bin/../lib/gcc/arm-none-eabi/14.3.1/thumb/v6-m/nofp/libgcc.a
LOAD /Applications/STM32CubeIDE.app/Contents/Eclipse/plugins/com.st.stm32cube.ide.mcu.externaltools.gnu-tools-for-stm32.14.3.rel1.macosaarch64_1.0.0.202602081740/tools/bin/../lib/gcc/arm-none-eabi/14.3.1/../../../../arm-none-eabi/lib/thumb/v6-m/nofp/libc_nano.a
LOAD /Applications/STM32CubeIDE.app/Contents/Eclipse/plugins/com.st.stm32cube.ide.mcu.externaltools.gnu-tools-for-stm32.14.3.rel1.macosaarch64_1.0.0.202602081740/tools/bin/../lib/gcc/arm-none-eabi/14.3.1/../../../../arm-none-eabi/lib/thumb/v6-m/nofp/libnosys.a
END GROUP
START GROUP
LOAD /Applications/STM32CubeIDE.app/Contents/Eclipse/plugins/com.st.stm32cube.ide.mcu.externaltools.gnu-tools-for-stm32.14.3.rel1.macosaarch64_1.0.0.202602081740/tools/bin/../lib/gcc/arm-none-eabi/14.3.1/thumb/v6-m/nofp/libgcc.a
LOAD /Applications/STM32CubeIDE.app/Contents/Eclipse/plugins/com.st.stm32cube.ide.mcu.externaltools.gnu-tools-for-stm32.14.3.rel1.macosaarch64_1.0.0.202602081740/tools/bin/../lib/gcc/arm-none-eabi/14.3.1/../../../../arm-none-eabi/lib/thumb/v6-m/nofp/libc_nano.a
LOAD /Applications/STM32CubeIDE.app/Contents/Eclipse/plugins/com.st.stm32cube.ide.mcu.externaltools.gnu-tools-for-stm32.14.3.rel1.macosaarch64_1.0.0.202602081740/tools/bin/../lib/gcc/arm-none-eabi/14.3.1/../../../../arm-none-eabi/lib/thumb/v6-m/nofp/libnosys.a
END GROUP
LOAD /Applications/STM32CubeIDE.app/Contents/Eclipse/plugins/com.st.stm32cube.ide.mcu.externaltools.gnu-tools-for-stm32.14.3.rel1.macosaarch64_1.0.0.202602081740/tools/bin/../lib/gcc/arm-none-eabi/14.3.1/thumb/v6-m/nofp/crtend.o
LOAD /Applications/STM32CubeIDE.app/Contents/Eclipse/plugins/com.st.stm32cube.ide.mcu.externaltools.gnu-tools-for-stm32.14.3.rel1.macosaarch64_1.0.0.202602081740/tools/bin/../lib/gcc/arm-none-eabi/14.3.1/thumb/v6-m/nofp/crtn.o
                0x20024000                        _estack = (ORIGIN (RAM) + LENGTH (RAM))
                0x00000200                        _Min_Heap_Size = 0x200
                0x00000400                        _Min_Stack_Size = 0x400

.isr_vector     0x08000000       0xbc
                0x08000000                        . = ALIGN (0x4)
 *(.isr_vector)
 .isr_vector    0x08000000       0xbc ./Core/Startup/startup_stm32g0b1retx.o
                0x08000000                g_pfnVectors
                0x080000bc                        . = ALIGN (0x4)

.text           0x080000bc     0xa21c
                0x080000bc                        . = ALIGN (0x4)
 *(.text)
 .text          0x080000bc       0x48 /Applications/STM32CubeIDE.app/Contents/Eclipse/plugins/com.st.stm32cube.ide.mcu.externaltools.gnu-tools-for-stm32.14.3.rel1.macosaarch64_1.0.0.202602081740/tools/bin/../lib/gcc/arm-none-eabi/14.3.1/thumb/v6-m/nofp/crtbegin.o
 .text          0x08000104      0x114 /Applications/STM32CubeIDE.app/Contents/Eclipse/plugins/com.st.stm32cube.ide.mcu.externaltools.gnu-tools-for-stm32.14.3.rel1.macosaarch64_1.0.0.202602081740/tools/bin/../lib/gcc/arm-none-eabi/14.3.1/thumb/v6-m/nofp/libgcc.a(_udivsi3.o)
                0x08000104                __udivsi3
                0x08000104                __aeabi_uidiv
                0x08000210                __aeabi_uidivmod
 .text          0x08000218      0x1d4 /Applications/STM32CubeIDE.app/Contents/Eclipse/plugins/com.st.stm32cube.ide.mcu.externaltools.gnu-tools-for-stm32.14.3.rel1.macosaarch64_1.0.0.202602081740/tools/bin/../lib/gcc/arm-none-eabi/14.3.1/thumb/v6-m/nofp/libgcc.a(_divsi3.o)
                0x08000218                __aeabi_idiv
                0x08000218                __divsi3
                0x080003e4                __aeabi_idivmod
 .text          0x080003ec        0x4 /Applications/STM32CubeIDE.app/Contents/Eclipse/plugins/com.st.stm32cube.ide.mcu.externaltools.gnu-tools-for-stm32.14.3.rel1.macosaarch64_1.0.0.202602081740/tools/bin/../lib/gcc/arm-none-eabi/14.3.1/thumb/v6-m/nofp/libgcc.a(_dvmd_tls.o)
                0x080003ec                __aeabi_ldiv0
                0x080003ec                __aeabi_idiv0
 .text          0x080003f0       0x7c /Applications/STM32CubeIDE.app/Contents/Eclipse/plugins/com.st.stm32cube.ide.mcu.externaltools.gnu-tools-for-stm32.14.3.rel1.macosaarch64_1.0.0.202602081740/tools/bin/../lib/gcc/arm-none-eabi/14.3.1/thumb/v6-m/nofp/libgcc.a(_arm_cmpdf2.o)
                0x080003f0                __aeabi_cdrcmple
                0x08000400                __aeabi_cdcmple
                0x08000400                __aeabi_cdcmpeq
                0x08000410                __aeabi_dcmpeq
                0x0800041c                __aeabi_dcmplt
                0x08000430                __aeabi_dcmple
                0x08000444                __aeabi_dcmpgt
                0x08000458                __aeabi_dcmpge
 .text          0x0800046c       0x74 /Applications/STM32CubeIDE.app/Contents/Eclipse/plugins/com.st.stm32cube.ide.mcu.externaltools.gnu-tools-for-stm32.14.3.rel1.macosaarch64_1.0.0.202602081740/tools/bin/../lib/gcc/arm-none-eabi/14.3.1/thumb/v6-m/nofp/libgcc.a(_arm_cmpsf2.o)
                0x0800046c                __aeabi_cfrcmple
                0x08000474                __aeabi_cfcmple
                0x08000474                __aeabi_cfcmpeq
                0x08000484                __aeabi_fcmpeq
                0x08000490                __aeabi_fcmplt
                0x080004a4                __aeabi_fcmple
                0x080004b8                __aeabi_fcmpgt
                0x080004cc                __aeabi_fcmpge
 .text          0x080004e0       0x40 /Applications/STM32CubeIDE.app/Contents/Eclipse/plugins/com.st.stm32cube.ide.mcu.externaltools.gnu-tools-for-stm32.14.3.rel1.macosaarch64_1.0.0.202602081740/tools/bin/../lib/gcc/arm-none-eabi/14.3.1/thumb/v6-m/nofp/libgcc.a(_aeabi_uldivmod.o)
                0x080004e0                __aeabi_uldivmod
 .text          0x08000520      0x198 /Applications/STM32CubeIDE.app/Contents/Eclipse/plugins/com.st.stm32cube.ide.mcu.externaltools.gnu-tools-for-stm32.14.3.rel1.macosaarch64_1.0.0.202602081740/tools/bin/../lib/gcc/arm-none-eabi/14.3.1/thumb/v6-m/nofp/libgcc.a(_udivmoddi4.o)
                0x08000520                __udivmoddi4
 .text          0x080006b8      0x41c /Applications/STM32CubeIDE.app/Contents/Eclipse/plugins/com.st.stm32cube.ide.mcu.externaltools.gnu-tools-for-stm32.14.3.rel1.macosaarch64_1.0.0.202602081740/tools/bin/../lib/gcc/arm-none-eabi/14.3.1/thumb/v6-m/nofp/libgcc.a(addsf3.o)
                0x080006b8                __aeabi_fadd
 .text          0x08000ad4      0x22c /Applications/STM32CubeIDE.app/Contents/Eclipse/plugins/com.st.stm32cube.ide.mcu.externaltools.gnu-tools-for-stm32.14.3.rel1.macosaarch64_1.0.0.202602081740/tools/bin/../lib/gcc/arm-none-eabi/14.3.1/thumb/v6-m/nofp/libgcc.a(divsf3.o)
                0x08000ad4                __aeabi_fdiv
 .text          0x08000d00       0x50 /Applications/STM32CubeIDE.app/Contents/Eclipse/plugins/com.st.stm32cube.ide.mcu.externaltools.gnu-tools-for-stm32.14.3.rel1.macosaarch64_1.0.0.202602081740/tools/bin/../lib/gcc/arm-none-eabi/14.3.1/thumb/v6-m/nofp/libgcc.a(eqsf2.o)
                0x08000d00                __nesf2
                0x08000d00                __eqsf2
 .text          0x08000d50       0x90 /Applications/STM32CubeIDE.app/Contents/Eclipse/plugins/com.st.stm32cube.ide.mcu.externaltools.gnu-tools-for-stm32.14.3.rel1.macosaarch64_1.0.0.202602081740/tools/bin/../lib/gcc/arm-none-eabi/14.3.1/thumb/v6-m/nofp/libgcc.a(gesf2.o)
                0x08000d50                __gtsf2
                0x08000d50                __gesf2
 .text          0x08000de0       0x90 /Applications/STM32CubeIDE.app/Contents/Eclipse/plugins/com.st.stm32cube.ide.mcu.externaltools.gnu-tools-for-stm32.14.3.rel1.macosaarch64_1.0.0.202602081740/tools/bin/../lib/gcc/arm-none-eabi/14.3.1/thumb/v6-m/nofp/libgcc.a(lesf2.o)
                0x08000de0                __lesf2
                0x08000de0                __ltsf2
 .text          0x08000e70      0x2a4 /Applications/STM32CubeIDE.app/Contents/Eclipse/plugins/com.st.stm32cube.ide.mcu.externaltools.gnu-tools-for-stm32.14.3.rel1.macosaarch64_1.0.0.202602081740/tools/bin/../lib/gcc/arm-none-eabi/14.3.1/thumb/v6-m/nofp/libgcc.a(mulsf3.o)
                0x08000e70                __aeabi_fmul
 .text          0x08001114      0x484 /Applications/STM32CubeIDE.app/Contents/Eclipse/plugins/com.st.stm32cube.ide.mcu.externaltools.gnu-tools-for-stm32.14.3.rel1.macosaarch64_1.0.0.202602081740/tools/bin/../lib/gcc/arm-none-eabi/14.3.1/thumb/v6-m/nofp/libgcc.a(subsf3.o)
                0x08001114                __aeabi_fsub
 .text          0x08001598       0x40 /Applications/STM32CubeIDE.app/Contents/Eclipse/plugins/com.st.stm32cube.ide.mcu.externaltools.gnu-tools-for-stm32.14.3.rel1.macosaarch64_1.0.0.202602081740/tools/bin/../lib/gcc/arm-none-eabi/14.3.1/thumb/v6-m/nofp/libgcc.a(fixsfsi.o)
                0x08001598                __aeabi_f2iz
 .text          0x080015d8       0x8c /Applications/STM32CubeIDE.app/Contents/Eclipse/plugins/com.st.stm32cube.ide.mcu.externaltools.gnu-tools-for-stm32.14.3.rel1.macosaarch64_1.0.0.202602081740/tools/bin/../lib/gcc/arm-none-eabi/14.3.1/thumb/v6-m/nofp/libgcc.a(floatunsisf.o)
                0x080015d8                __aeabi_ui2f
 .text          0x08001664      0x834 /Applications/STM32CubeIDE.app/Contents/Eclipse/plugins/com.st.stm32cube.ide.mcu.externaltools.gnu-tools-for-stm32.14.3.rel1.macosaarch64_1.0.0.202602081740/tools/bin/../lib/gcc/arm-none-eabi/14.3.1/thumb/v6-m/nofp/libgcc.a(adddf3.o)
                0x08001664                __aeabi_dadd
 .text          0x08001e98      0x63c /Applications/STM32CubeIDE.app/Contents/Eclipse/plugins/com.st.stm32cube.ide.mcu.externaltools.gnu-tools-for-stm32.14.3.rel1.macosaarch64_1.0.0.202602081740/tools/bin/../lib/gcc/arm-none-eabi/14.3.1/thumb/v6-m/nofp/libgcc.a(divdf3.o)
                0x08001e98                __aeabi_ddiv
 .text          0x080024d4       0x8c /Applications/STM32CubeIDE.app/Contents/Eclipse/plugins/com.st.stm32cube.ide.mcu.externaltools.gnu-tools-for-stm32.14.3.rel1.macosaarch64_1.0.0.202602081740/tools/bin/../lib/gcc/arm-none-eabi/14.3.1/thumb/v6-m/nofp/libgcc.a(eqdf2.o)
                0x080024d4                __eqdf2
                0x080024d4                __nedf2
 .text          0x08002560       0xe0 /Applications/STM32CubeIDE.app/Contents/Eclipse/plugins/com.st.stm32cube.ide.mcu.externaltools.gnu-tools-for-stm32.14.3.rel1.macosaarch64_1.0.0.202602081740/tools/bin/../lib/gcc/arm-none-eabi/14.3.1/thumb/v6-m/nofp/libgcc.a(gedf2.o)
                0x08002560                __gtdf2
                0x08002560                __gedf2
 .text          0x08002640       0xdc /Applications/STM32CubeIDE.app/Contents/Eclipse/plugins/com.st.stm32cube.ide.mcu.externaltools.gnu-tools-for-stm32.14.3.rel1.macosaarch64_1.0.0.202602081740/tools/bin/../lib/gcc/arm-none-eabi/14.3.1/thumb/v6-m/nofp/libgcc.a(ledf2.o)
                0x08002640                __ltdf2
                0x08002640                __ledf2
 .text          0x0800271c      0x590 /Applications/STM32CubeIDE.app/Contents/Eclipse/plugins/com.st.stm32cube.ide.mcu.externaltools.gnu-tools-for-stm32.14.3.rel1.macosaarch64_1.0.0.202602081740/tools/bin/../lib/gcc/arm-none-eabi/14.3.1/thumb/v6-m/nofp/libgcc.a(muldf3.o)
                0x0800271c                __aeabi_dmul
 .text          0x08002cac      0x870 /Applications/STM32CubeIDE.app/Contents/Eclipse/plugins/com.st.stm32cube.ide.mcu.externaltools.gnu-tools-for-stm32.14.3.rel1.macosaarch64_1.0.0.202602081740/tools/bin/../lib/gcc/arm-none-eabi/14.3.1/thumb/v6-m/nofp/libgcc.a(subdf3.o)
                0x08002cac                __aeabi_dsub
 .text          0x0800351c       0x90 /Applications/STM32CubeIDE.app/Contents/Eclipse/plugins/com.st.stm32cube.ide.mcu.externaltools.gnu-tools-for-stm32.14.3.rel1.macosaarch64_1.0.0.202602081740/tools/bin/../lib/gcc/arm-none-eabi/14.3.1/thumb/v6-m/nofp/libgcc.a(extendsfdf2.o)
                0x0800351c                __aeabi_f2d
 .text          0x080035ac      0x110 /Applications/STM32CubeIDE.app/Contents/Eclipse/plugins/com.st.stm32cube.ide.mcu.externaltools.gnu-tools-for-stm32.14.3.rel1.macosaarch64_1.0.0.202602081740/tools/bin/../lib/gcc/arm-none-eabi/14.3.1/thumb/v6-m/nofp/libgcc.a(truncdfsf2.o)
                0x080035ac                __aeabi_d2f
 .text          0x080036bc       0x3c /Applications/STM32CubeIDE.app/Contents/Eclipse/plugins/com.st.stm32cube.ide.mcu.externaltools.gnu-tools-for-stm32.14.3.rel1.macosaarch64_1.0.0.202602081740/tools/bin/../lib/gcc/arm-none-eabi/14.3.1/thumb/v6-m/nofp/libgcc.a(_clzsi2.o)
                0x080036bc                __clzsi2
 .text          0x080036f8       0x18 /Applications/STM32CubeIDE.app/Contents/Eclipse/plugins/com.st.stm32cube.ide.mcu.externaltools.gnu-tools-for-stm32.14.3.rel1.macosaarch64_1.0.0.202602081740/tools/bin/../lib/gcc/arm-none-eabi/14.3.1/thumb/v6-m/nofp/libgcc.a(_clzdi2.o)
                0x080036f8                __clzdi2
 *(.text*)
 .text.DS18B20_Init
                0x08003710       0x60 ./Core/Src/DS18B20.o
                0x08003710                DS18B20_Init
 .text.DS18B20_ReadBit
                0x08003770       0x3c ./Core/Src/DS18B20.o
                0x08003770                DS18B20_ReadBit
 .text.DS18B20_ReadByte
                0x080037ac       0x64 ./Core/Src/DS18B20.o
                0x080037ac                DS18B20_ReadByte
 .text.DS18B20_WriteByte
                0x08003810       0x60 ./Core/Src/DS18B20.o
                0x08003810                DS18B20_WriteByte
 .text.DS18B20_SampleTemp
                0x08003870       0x2c ./Core/Src/DS18B20.o
                0x08003870                DS18B20_SampleTemp
 .text.DS18B20_ReadTemp
                0x0800389c       0xb0 ./Core/Src/DS18B20.o
                0x0800389c                DS18B20_ReadTemp
 .text.UART_SetBaud
                0x0800394c       0x28 ./Core/Src/DS18B20.o
                0x0800394c                UART_SetBaud
 .text.sample_temperature_sensors
                0x08003974       0x44 ./Core/Src/DS18B20.o
                0x08003974                sample_temperature_sensors
 .text.timer_expired
                0x080039b8       0x74 ./Core/Src/DS3231(CLK).o
                0x080039b8                timer_expired
 .text.update_date_time
                0x08003a2c       0x70 ./Core/Src/DS3231(CLK).o
                0x08003a2c                update_date_time
 .text.DS3231_Init
                0x08003a9c       0x34 ./Core/Src/DS3231(CLK).o
                0x08003a9c                DS3231_Init
 .text.DS3231_SetRegByte
                0x08003ad0       0x44 ./Core/Src/DS3231(CLK).o
                0x08003ad0                DS3231_SetRegByte
 .text.DS3231_GetRegByte
                0x08003b14       0x48 ./Core/Src/DS3231(CLK).o
                0x08003b14                DS3231_GetRegByte
 .text.DS3231_SetInterruptMode
                0x08003b5c       0x4c ./Core/Src/DS3231(CLK).o
                0x08003b5c                DS3231_SetInterruptMode
 .text.DS3231_EnableAlarm2
                0x08003ba8       0x52 ./Core/Src/DS3231(CLK).o
                0x08003ba8                DS3231_EnableAlarm2
 .text.DS3231_ClearAlarm2Flag
                0x08003bfa       0x34 ./Core/Src/DS3231(CLK).o
                0x08003bfa                DS3231_ClearAlarm2Flag
 .text.DS3231_EnableAlarm1
                0x08003c2e       0x4e ./Core/Src/DS3231(CLK).o
                0x08003c2e                DS3231_EnableAlarm1
 .text.DS3231_ClearAlarm1Flag
                0x08003c7c       0x34 ./Core/Src/DS3231(CLK).o
                0x08003c7c                DS3231_ClearAlarm1Flag
 .text.DS3231_GetDate
                0x08003cb0       0x1a ./Core/Src/DS3231(CLK).o
                0x08003cb0                DS3231_GetDate
 .text.DS3231_GetMonth
                0x08003cca       0x22 ./Core/Src/DS3231(CLK).o
                0x08003cca                DS3231_GetMonth
 .text.DS3231_GetYear
                0x08003cec       0x50 ./Core/Src/DS3231(CLK).o
                0x08003cec                DS3231_GetYear
 .text.DS3231_GetHour
                0x08003d3c       0x1a ./Core/Src/DS3231(CLK).o
                0x08003d3c                DS3231_GetHour
 .text.DS3231_GetMinute
                0x08003d56       0x1a ./Core/Src/DS3231(CLK).o
                0x08003d56                DS3231_GetMinute
 .text.DS3231_GetSecond
                0x08003d70       0x1a ./Core/Src/DS3231(CLK).o
                0x08003d70                DS3231_GetSecond
 .text.DS3231_DecodeBCD
                0x08003d8a       0x34 ./Core/Src/DS3231(CLK).o
                0x08003d8a                DS3231_DecodeBCD
 *fill*         0x08003dbe        0x2 
 .text.main     0x08003dc0       0xb4 ./Core/Src/main.o
                0x08003dc0                main
 .text.SystemClock_Config
                0x08003e74       0x90 ./Core/Src/main.o
                0x08003e74                SystemClock_Config
 .text.MX_ADC1_Init
                0x08003f04       0xf4 ./Core/Src/main.o
 .text.MX_I2C1_Init
                0x08003ff8       0x80 ./Core/Src/main.o
 .text.MX_I2C2_Init
                0x08004078       0x80 ./Core/Src/main.o
 .text.MX_I2C3_Init
                0x080040f8       0x80 ./Core/Src/main.o
 .text.MX_USART1_UART_Init
                0x08004178       0x9c ./Core/Src/main.o
 .text.MX_USART2_UART_Init
                0x08004214       0x9c ./Core/Src/main.o
 .text.MX_USART3_UART_Init
                0x080042b0       0x9c ./Core/Src/main.o
 .text.MX_DMA_Init
                0x0800434c       0x2c ./Core/Src/main.o
 .text.MX_GPIO_Init
                0x08004378      0x178 ./Core/Src/main.o
 .text.Error_Handler
                0x080044f0        0xc ./Core/Src/main.o
                0x080044f0                Error_Handler
 .text.MCP23017_WriteAB
                0x080044fc       0x60 ./Core/Src/mcp23017.o
 .text.MCP23017_WriteA
                0x0800455c       0x50 ./Core/Src/mcp23017.o
 .text.MCP23017_IO_CONTROL
                0x080045ac       0x34 ./Core/Src/mcp23017.o
                0x080045ac                MCP23017_IO_CONTROL
 .text.MC23017_IOCON_CONFIG
                0x080045e0       0x1e ./Core/Src/mcp23017.o
                0x080045e0                MC23017_IOCON_CONFIG
 .text.MC23017_GPINTEN_CONFIG
                0x080045fe       0x34 ./Core/Src/mcp23017.o
                0x080045fe                MC23017_GPINTEN_CONFIG
 .text.MC23017_GPPU_CONFIG
                0x08004632       0x34 ./Core/Src/mcp23017.o
                0x08004632                MC23017_GPPU_CONFIG
 .text.MC23017_OLAT_WRITE
                0x08004666       0x34 ./Core/Src/mcp23017.o
                0x08004666                MC23017_OLAT_WRITE
 .text.MCP23017_Init
                0x0800469a       0xe0 ./Core/Src/mcp23017.o
                0x0800469a                MCP23017_Init
 *fill*         0x0800477a        0x2 
 .text.read_ph  0x0800477c       0xd0 ./Core/Src/ph.o
                0x0800477c                read_ph
 .text.outbound_pump_high
                0x0800484c       0x1c ./Core/Src/physical_controls.o
                0x0800484c                outbound_pump_high
 .text.outbound_pump_low
                0x08004868       0x1c ./Core/Src/physical_controls.o
                0x08004868                outbound_pump_low
 .text.inbound_pump_high
                0x08004884       0x1c ./Core/Src/physical_controls.o
                0x08004884                inbound_pump_high
 .text.inbound_pump_low
                0x080048a0       0x1c ./Core/Src/physical_controls.o
                0x080048a0                inbound_pump_low
 .text.heater_high
                0x080048bc       0x1c ./Core/Src/physical_controls.o
                0x080048bc                heater_high
 .text.heater_low
                0x080048d8       0x1c ./Core/Src/physical_controls.o
                0x080048d8                heater_low
 .text.fan_high
                0x080048f4       0x1c ./Core/Src/physical_controls.o
                0x080048f4                fan_high
 .text.fan_low  0x08004910       0x1c ./Core/Src/physical_controls.o
                0x08004910                fan_low
 .text.circulating_pump_high
                0x0800492c       0x1c ./Core/Src/physical_controls.o
                0x0800492c                circulating_pump_high
 .text.circulating_pump_low
                0x08004948       0x1c ./Core/Src/physical_controls.o
                0x08004948                circulating_pump_low
 .text.state_enter
                0x08004964       0x14 ./Core/Src/state_logic.o
                0x08004964                state_enter
 .text.state_leave
                0x08004978       0x14 ./Core/Src/state_logic.o
                0x08004978                state_leave
 .text.get_seconds_of_day
                0x0800498c       0x3c ./Core/Src/state_logic.o
                0x0800498c                get_seconds_of_day
 .text.idle_state
                0x080049c8      0x134 ./Core/Src/state_logic.o
                0x080049c8                idle_state
 .text.water_res_state
                0x08004afc       0x38 ./Core/Src/state_logic.o
                0x08004afc                water_res_state
 .text.water_drain_state
                0x08004b34       0xa0 ./Core/Src/state_logic.o
                0x08004b34                water_drain_state
 .text.heating_state
                0x08004bd4       0x6c ./Core/Src/state_logic.o
                0x08004bd4                heating_state
 .text.water_fill_state
                0x08004c40      0x120 ./Core/Src/state_logic.o
                0x08004c40                water_fill_state
 .text.sched_curr_time
                0x08004d60       0x7c ./Core/Src/state_machine.o
                0x08004d60                sched_curr_time
 .text.is_flag_high
                0x08004ddc       0x68 ./Core/Src/state_machine.o
                0x08004ddc                is_flag_high
 .text.handle_water_state
                0x08004e44       0x44 ./Core/Src/state_machine.o
                0x08004e44                handle_water_state
 .text.HAL_MspInit
                0x08004e88       0x50 ./Core/Src/stm32g0xx_hal_msp.o
                0x08004e88                HAL_MspInit
 .text.HAL_ADC_MspInit
                0x08004ed8       0xe8 ./Core/Src/stm32g0xx_hal_msp.o
                0x08004ed8                HAL_ADC_MspInit
 .text.HAL_I2C_MspInit
                0x08004fc0      0x1c8 ./Core/Src/stm32g0xx_hal_msp.o
                0x08004fc0                HAL_I2C_MspInit
 .text.HAL_UART_MspInit
                0x08005188      0x1e4 ./Core/Src/stm32g0xx_hal_msp.o
                0x08005188                HAL_UART_MspInit
 .text.HAL_UART_MspDeInit
                0x0800536c       0x9c ./Core/Src/stm32g0xx_hal_msp.o
                0x0800536c                HAL_UART_MspDeInit
 .text.NMI_Handler
                0x08005408        0x8 ./Core/Src/stm32g0xx_it.o
                0x08005408                NMI_Handler
 .text.HardFault_Handler
                0x08005410        0x8 ./Core/Src/stm32g0xx_it.o
                0x08005410                HardFault_Handler
 .text.SVC_Handler
                0x08005418        0xa ./Core/Src/stm32g0xx_it.o
                0x08005418                SVC_Handler
 .text.PendSV_Handler
                0x08005422        0xa ./Core/Src/stm32g0xx_it.o
                0x08005422                PendSV_Handler
 .text.SysTick_Handler
                0x0800542c        0xe ./Core/Src/stm32g0xx_it.o
                0x0800542c                SysTick_Handler
 .text.SystemInit
                0x0800543a        0xa ./Core/Src/system_stm32g0xx.o
                0x0800543a                SystemInit
 .text.check_turbidity
                0x08005444       0xcc ./Core/Src/turbidity.o
                0x08005444                check_turbidity
 .text.turbidity_to_voltage
                0x08005510       0x5c ./Core/Src/turbidity.o
                0x08005510                turbidity_to_voltage
 .text.waterlevel_low_read
                0x0800556c       0x24 ./Core/Src/waterlevel.o
                0x0800556c                waterlevel_low_read
 .text.waterlevel_high_read
                0x08005590       0x24 ./Core/Src/waterlevel.o
                0x08005590                waterlevel_high_read
 .text.check_water_level
                0x080055b4       0xec ./Core/Src/waterlevel.o
                0x080055b4                check_water_level
 .text.Reset_Handler
                0x080056a0       0x50 ./Core/Startup/startup_stm32g0b1retx.o
                0x080056a0                Reset_Handler
 .text.Default_Handler
                0x080056f0        0x2 ./Core/Startup/startup_stm32g0b1retx.o
                0x080056f0                TIM1_BRK_UP_TRG_COM_IRQHandler
                0x080056f0                USART3_4_5_6_LPUART1_IRQHandler
                0x080056f0                TIM1_CC_IRQHandler
                0x080056f0                ADC1_COMP_IRQHandler
                0x080056f0                I2C1_IRQHandler
                0x080056f0                TIM7_LPTIM2_IRQHandler
                0x080056f0                TIM17_FDCAN_IT1_IRQHandler
                0x080056f0                DMA1_Ch4_7_DMA2_Ch1_5_DMAMUX1_OVR_IRQHandler
                0x080056f0                RCC_CRS_IRQHandler
                0x080056f0                RTC_TAMP_IRQHandler
                0x080056f0                SPI1_IRQHandler
                0x080056f0                USB_UCPD1_2_IRQHandler
                0x080056f0                EXTI2_3_IRQHandler
                0x080056f0                USART2_LPUART2_IRQHandler
                0x080056f0                PVD_VDDIO2_IRQHandler
                0x080056f0                EXTI4_15_IRQHandler
                0x080056f0                DMA1_Channel1_IRQHandler
                0x080056f0                Default_Handler
                0x080056f0                CEC_IRQHandler
                0x080056f0                TIM14_IRQHandler
                0x080056f0                TIM15_IRQHandler
                0x080056f0                TIM3_TIM4_IRQHandler
                0x080056f0                EXTI0_1_IRQHandler
                0x080056f0                SPI2_3_IRQHandler
                0x080056f0                TIM6_DAC_LPTIM1_IRQHandler
                0x080056f0                WWDG_IRQHandler
                0x080056f0                TIM2_IRQHandler
                0x080056f0                DMA1_Channel2_3_IRQHandler
                0x080056f0                FLASH_IRQHandler
                0x080056f0                USART1_IRQHandler
                0x080056f0                TIM16_FDCAN_IT0_IRQHandler
                0x080056f0                I2C2_3_IRQHandler
 *fill*         0x080056f2        0x2 
 .text.HAL_Init
                0x080056f4       0x40 ./Drivers/STM32G0xx_HAL_Driver/Src/stm32g0xx_hal.o
                0x080056f4                HAL_Init
 .text.HAL_InitTick
                0x08005734       0x94 ./Drivers/STM32G0xx_HAL_Driver/Src/stm32g0xx_hal.o
                0x08005734                HAL_InitTick
 .text.HAL_IncTick
                0x080057c8       0x24 ./Drivers/STM32G0xx_HAL_Driver/Src/stm32g0xx_hal.o
                0x080057c8                HAL_IncTick
 .text.HAL_GetTick
                0x080057ec       0x14 ./Drivers/STM32G0xx_HAL_Driver/Src/stm32g0xx_hal.o
                0x080057ec                HAL_GetTick
 .text.HAL_Delay
                0x08005800       0x48 ./Drivers/STM32G0xx_HAL_Driver/Src/stm32g0xx_hal.o
                0x08005800                HAL_Delay
 .text.HAL_SYSCFG_StrobeDBattpinsConfig
                0x08005848       0x2c ./Drivers/STM32G0xx_HAL_Driver/Src/stm32g0xx_hal.o
                0x08005848                HAL_SYSCFG_StrobeDBattpinsConfig
 .text.LL_ADC_SetCommonPathInternalCh
                0x08005874       0x28 ./Drivers/STM32G0xx_HAL_Driver/Src/stm32g0xx_hal_adc.o
 .text.LL_ADC_GetCommonPathInternalCh
                0x0800589c       0x1a ./Drivers/STM32G0xx_HAL_Driver/Src/stm32g0xx_hal_adc.o
 .text.LL_ADC_SetSamplingTimeCommonChannels
                0x080058b6       0x3a ./Drivers/STM32G0xx_HAL_Driver/Src/stm32g0xx_hal_adc.o
 .text.LL_ADC_GetSamplingTimeCommonChannels
                0x080058f0       0x2e ./Drivers/STM32G0xx_HAL_Driver/Src/stm32g0xx_hal_adc.o
 .text.LL_ADC_REG_IsTriggerSourceSWStart
                0x0800591e       0x22 ./Drivers/STM32G0xx_HAL_Driver/Src/stm32g0xx_hal_adc.o
 .text.LL_ADC_REG_SetSequencerRanks
                0x08005940       0x40 ./Drivers/STM32G0xx_HAL_Driver/Src/stm32g0xx_hal_adc.o
 .text.LL_ADC_REG_SetSequencerChAdd
                0x08005980       0x22 ./Drivers/STM32G0xx_HAL_Driver/Src/stm32g0xx_hal_adc.o
 .text.LL_ADC_REG_SetSequencerChRem
                0x080059a2       0x24 ./Drivers/STM32G0xx_HAL_Driver/Src/stm32g0xx_hal_adc.o
 *fill*         0x080059c6        0x2 
 .text.LL_ADC_SetChannelSamplingTime
                0x080059c8       0x38 ./Drivers/STM32G0xx_HAL_Driver/Src/stm32g0xx_hal_adc.o
 .text.LL_ADC_EnableInternalRegulator
                0x08005a00       0x28 ./Drivers/STM32G0xx_HAL_Driver/Src/stm32g0xx_hal_adc.o
 .text.LL_ADC_IsInternalRegulatorEnabled
                0x08005a28       0x28 ./Drivers/STM32G0xx_HAL_Driver/Src/stm32g0xx_hal_adc.o
 .text.LL_ADC_Enable
                0x08005a50       0x24 ./Drivers/STM32G0xx_HAL_Driver/Src/stm32g0xx_hal_adc.o
 .text.LL_ADC_Disable
                0x08005a74       0x24 ./Drivers/STM32G0xx_HAL_Driver/Src/stm32g0xx_hal_adc.o
 .text.LL_ADC_IsEnabled
                0x08005a98       0x22 ./Drivers/STM32G0xx_HAL_Driver/Src/stm32g0xx_hal_adc.o
 *fill*         0x08005aba        0x2 
 .text.LL_ADC_REG_StartConversion
                0x08005abc       0x24 ./Drivers/STM32G0xx_HAL_Driver/Src/stm32g0xx_hal_adc.o
 .text.LL_ADC_REG_IsConversionOngoing
                0x08005ae0       0x22 ./Drivers/STM32G0xx_HAL_Driver/Src/stm32g0xx_hal_adc.o
 *fill*         0x08005b02        0x2 
 .text.HAL_ADC_Init
                0x08005b04      0x350 ./Drivers/STM32G0xx_HAL_Driver/Src/stm32g0xx_hal_adc.o
                0x08005b04                HAL_ADC_Init
 .text.HAL_ADC_Start_DMA
                0x08005e54      0x11c ./Drivers/STM32G0xx_HAL_Driver/Src/stm32g0xx_hal_adc.o
                0x08005e54                HAL_ADC_Start_DMA
 .text.HAL_ADC_ConvCpltCallback
                0x08005f70       0x10 ./Drivers/STM32G0xx_HAL_Driver/Src/stm32g0xx_hal_adc.o
                0x08005f70                HAL_ADC_ConvCpltCallback
 .text.HAL_ADC_ConvHalfCpltCallback
                0x08005f80       0x10 ./Drivers/STM32G0xx_HAL_Driver/Src/stm32g0xx_hal_adc.o
                0x08005f80                HAL_ADC_ConvHalfCpltCallback
 .text.HAL_ADC_ErrorCallback
                0x08005f90       0x10 ./Drivers/STM32G0xx_HAL_Driver/Src/stm32g0xx_hal_adc.o
                0x08005f90                HAL_ADC_ErrorCallback
 .text.HAL_ADC_ConfigChannel
                0x08005fa0      0x3b0 ./Drivers/STM32G0xx_HAL_Driver/Src/stm32g0xx_hal_adc.o
                0x08005fa0                HAL_ADC_ConfigChannel
 .text.ADC_Enable
                0x08006350      0x10c ./Drivers/STM32G0xx_HAL_Driver/Src/stm32g0xx_hal_adc.o
                0x08006350                ADC_Enable
 .text.ADC_DMAConvCplt
                0x0800645c       0xc8 ./Drivers/STM32G0xx_HAL_Driver/Src/stm32g0xx_hal_adc.o
 .text.ADC_DMAHalfConvCplt
                0x08006524       0x1e ./Drivers/STM32G0xx_HAL_Driver/Src/stm32g0xx_hal_adc.o
 .text.ADC_DMAError
                0x08006542       0x36 ./Drivers/STM32G0xx_HAL_Driver/Src/stm32g0xx_hal_adc.o
 .text.__NVIC_SetPriority
                0x08006578       0xdc ./Drivers/STM32G0xx_HAL_Driver/Src/stm32g0xx_hal_cortex.o
 .text.SysTick_Config
                0x08006654       0x48 ./Drivers/STM32G0xx_HAL_Driver/Src/stm32g0xx_hal_cortex.o
 .text.HAL_NVIC_SetPriority
                0x0800669c       0x2a ./Drivers/STM32G0xx_HAL_Driver/Src/stm32g0xx_hal_cortex.o
                0x0800669c                HAL_NVIC_SetPriority
 .text.HAL_SYSTICK_Config
                0x080066c6       0x1a ./Drivers/STM32G0xx_HAL_Driver/Src/stm32g0xx_hal_cortex.o
                0x080066c6                HAL_SYSTICK_Config
 .text.HAL_DMA_Init
                0x080066e0      0x158 ./Drivers/STM32G0xx_HAL_Driver/Src/stm32g0xx_hal_dma.o
                0x080066e0                HAL_DMA_Init
 .text.HAL_DMA_Start_IT
                0x08006838      0x10c ./Drivers/STM32G0xx_HAL_Driver/Src/stm32g0xx_hal_dma.o
                0x08006838                HAL_DMA_Start_IT
 .text.DMA_SetConfig
                0x08006944       0x78 ./Drivers/STM32G0xx_HAL_Driver/Src/stm32g0xx_hal_dma.o
 .text.DMA_CalcDMAMUXChannelBaseAndMask
                0x080069bc       0x94 ./Drivers/STM32G0xx_HAL_Driver/Src/stm32g0xx_hal_dma.o
 .text.DMA_CalcDMAMUXRequestGenBaseAndMask
                0x08006a50       0x48 ./Drivers/STM32G0xx_HAL_Driver/Src/stm32g0xx_hal_dma.o
 .text.HAL_GPIO_Init
                0x08006a98      0x2d8 ./Drivers/STM32G0xx_HAL_Driver/Src/stm32g0xx_hal_gpio.o
                0x08006a98                HAL_GPIO_Init
 .text.HAL_GPIO_DeInit
                0x08006d70      0x1b0 ./Drivers/STM32G0xx_HAL_Driver/Src/stm32g0xx_hal_gpio.o
                0x08006d70                HAL_GPIO_DeInit
 .text.HAL_GPIO_WritePin
                0x08006f20       0x3a ./Drivers/STM32G0xx_HAL_Driver/Src/stm32g0xx_hal_gpio.o
                0x08006f20                HAL_GPIO_WritePin
 *fill*         0x08006f5a        0x2 
 .text.HAL_I2C_Init
                0x08006f5c      0x14c ./Drivers/STM32G0xx_HAL_Driver/Src/stm32g0xx_hal_i2c.o
                0x08006f5c                HAL_I2C_Init
 .text.HAL_I2C_Master_Transmit
                0x080070a8      0x254 ./Drivers/STM32G0xx_HAL_Driver/Src/stm32g0xx_hal_i2c.o
                0x080070a8                HAL_I2C_Master_Transmit
 .text.HAL_I2C_Master_Receive
                0x080072fc      0x210 ./Drivers/STM32G0xx_HAL_Driver/Src/stm32g0xx_hal_i2c.o
                0x080072fc                HAL_I2C_Master_Receive
 .text.HAL_I2C_Mem_Write
                0x0800750c      0x25c ./Drivers/STM32G0xx_HAL_Driver/Src/stm32g0xx_hal_i2c.o
                0x0800750c                HAL_I2C_Mem_Write
 .text.HAL_I2C_IsDeviceReady
                0x08007768      0x1f8 ./Drivers/STM32G0xx_HAL_Driver/Src/stm32g0xx_hal_i2c.o
                0x08007768                HAL_I2C_IsDeviceReady
 .text.I2C_RequestMemoryWrite
                0x08007960       0xc8 ./Drivers/STM32G0xx_HAL_Driver/Src/stm32g0xx_hal_i2c.o
 .text.I2C_Flush_TXDR
                0x08007a28       0x44 ./Drivers/STM32G0xx_HAL_Driver/Src/stm32g0xx_hal_i2c.o
 .text.I2C_WaitOnFlagUntilTimeout
                0x08007a6c       0xb0 ./Drivers/STM32G0xx_HAL_Driver/Src/stm32g0xx_hal_i2c.o
 .text.I2C_WaitOnTXISFlagUntilTimeout
                0x08007b1c       0x8c ./Drivers/STM32G0xx_HAL_Driver/Src/stm32g0xx_hal_i2c.o
 .text.I2C_WaitOnSTOPFlagUntilTimeout
                0x08007ba8       0x86 ./Drivers/STM32G0xx_HAL_Driver/Src/stm32g0xx_hal_i2c.o
 *fill*         0x08007c2e        0x2 
 .text.I2C_WaitOnRXNEFlagUntilTimeout
                0x08007c30      0x13c ./Drivers/STM32G0xx_HAL_Driver/Src/stm32g0xx_hal_i2c.o
 .text.I2C_IsErrorOccurred
                0x08007d6c      0x1f0 ./Drivers/STM32G0xx_HAL_Driver/Src/stm32g0xx_hal_i2c.o
 .text.I2C_TransferConfig
                0x08007f5c       0x74 ./Drivers/STM32G0xx_HAL_Driver/Src/stm32g0xx_hal_i2c.o
 .text.HAL_I2CEx_ConfigAnalogFilter
                0x08007fd0       0x98 ./Drivers/STM32G0xx_HAL_Driver/Src/stm32g0xx_hal_i2c_ex.o
                0x08007fd0                HAL_I2CEx_ConfigAnalogFilter
 .text.HAL_I2CEx_ConfigDigitalFilter
                0x08008068       0x98 ./Drivers/STM32G0xx_HAL_Driver/Src/stm32g0xx_hal_i2c_ex.o
                0x08008068                HAL_I2CEx_ConfigDigitalFilter
 .text.HAL_PWREx_ControlVoltageScaling
                0x08008100       0x80 ./Drivers/STM32G0xx_HAL_Driver/Src/stm32g0xx_hal_pwr_ex.o
                0x08008100                HAL_PWREx_ControlVoltageScaling
 .text.LL_RCC_GetAPB1Prescaler
                0x08008180       0x18 ./Drivers/STM32G0xx_HAL_Driver/Src/stm32g0xx_hal_rcc.o
 .text.HAL_RCC_OscConfig
                0x08008198      0x6c0 ./Drivers/STM32G0xx_HAL_Driver/Src/stm32g0xx_hal_rcc.o
                0x08008198                HAL_RCC_OscConfig
 .text.HAL_RCC_ClockConfig
                0x08008858      0x210 ./Drivers/STM32G0xx_HAL_Driver/Src/stm32g0xx_hal_rcc.o
                0x08008858                HAL_RCC_ClockConfig
 .text.HAL_RCC_GetSysClockFreq
                0x08008a68      0x104 ./Drivers/STM32G0xx_HAL_Driver/Src/stm32g0xx_hal_rcc.o
                0x08008a68                HAL_RCC_GetSysClockFreq
 .text.HAL_RCC_GetHCLKFreq
                0x08008b6c       0x14 ./Drivers/STM32G0xx_HAL_Driver/Src/stm32g0xx_hal_rcc.o
                0x08008b6c                HAL_RCC_GetHCLKFreq
 .text.HAL_RCC_GetPCLK1Freq
                0x08008b80       0x2c ./Drivers/STM32G0xx_HAL_Driver/Src/stm32g0xx_hal_rcc.o
                0x08008b80                HAL_RCC_GetPCLK1Freq
 .text.HAL_RCCEx_PeriphCLKConfig
                0x08008bac      0x478 ./Drivers/STM32G0xx_HAL_Driver/Src/stm32g0xx_hal_rcc_ex.o
                0x08008bac                HAL_RCCEx_PeriphCLKConfig
 .text.HAL_UART_Init
                0x08009024       0xac ./Drivers/STM32G0xx_HAL_Driver/Src/stm32g0xx_hal_uart.o
                0x08009024                HAL_UART_Init
 .text.HAL_HalfDuplex_Init
                0x080090d0       0xbc ./Drivers/STM32G0xx_HAL_Driver/Src/stm32g0xx_hal_uart.o
                0x080090d0                HAL_HalfDuplex_Init
 .text.HAL_UART_DeInit
                0x0800918c       0x80 ./Drivers/STM32G0xx_HAL_Driver/Src/stm32g0xx_hal_uart.o
                0x0800918c                HAL_UART_DeInit
 .text.HAL_UART_Transmit
                0x0800920c      0x148 ./Drivers/STM32G0xx_HAL_Driver/Src/stm32g0xx_hal_uart.o
                0x0800920c                HAL_UART_Transmit
 .text.HAL_UART_Receive
                0x08009354      0x1cc ./Drivers/STM32G0xx_HAL_Driver/Src/stm32g0xx_hal_uart.o
                0x08009354                HAL_UART_Receive
 .text.UART_SetConfig
                0x08009520      0x6ac ./Drivers/STM32G0xx_HAL_Driver/Src/stm32g0xx_hal_uart.o
                0x08009520                UART_SetConfig
 .text.UART_AdvFeatureConfig
                0x08009bcc      0x168 ./Drivers/STM32G0xx_HAL_Driver/Src/stm32g0xx_hal_uart.o
                0x08009bcc                UART_AdvFeatureConfig
 .text.UART_CheckIdleState
                0x08009d34      0x154 ./Drivers/STM32G0xx_HAL_Driver/Src/stm32g0xx_hal_uart.o
                0x08009d34                UART_CheckIdleState
 .text.UART_WaitOnFlagUntilTimeout
                0x08009e88       0xde ./Drivers/STM32G0xx_HAL_Driver/Src/stm32g0xx_hal_uart.o
                0x08009e88                UART_WaitOnFlagUntilTimeout
 *fill*         0x08009f66        0x2 
 .text.UART_EndRxTransfer
                0x08009f68       0xcc ./Drivers/STM32G0xx_HAL_Driver/Src/stm32g0xx_hal_uart.o
 .text.HAL_UARTEx_DisableFifoMode
                0x0800a034       0x74 ./Drivers/STM32G0xx_HAL_Driver/Src/stm32g0xx_hal_uart_ex.o
                0x0800a034                HAL_UARTEx_DisableFifoMode
 .text.HAL_UARTEx_SetTxFifoThreshold
                0x0800a0a8       0x7e ./Drivers/STM32G0xx_HAL_Driver/Src/stm32g0xx_hal_uart_ex.o
                0x0800a0a8                HAL_UARTEx_SetTxFifoThreshold
 *fill*         0x0800a126        0x2 
 .text.HAL_UARTEx_SetRxFifoThreshold
                0x0800a128       0x84 ./Drivers/STM32G0xx_HAL_Driver/Src/stm32g0xx_hal_uart_ex.o
                0x0800a128                HAL_UARTEx_SetRxFifoThreshold
 .text.UARTEx_SetNbDataToProcess
                0x0800a1ac       0xbc ./Drivers/STM32G0xx_HAL_Driver/Src/stm32g0xx_hal_uart_ex.o
 .text.memset   0x0800a268       0x10 /Applications/STM32CubeIDE.app/Contents/Eclipse/plugins/com.st.stm32cube.ide.mcu.externaltools.gnu-tools-for-stm32.14.3.rel1.macosaarch64_1.0.0.202602081740/tools/bin/../lib/gcc/arm-none-eabi/14.3.1/../../../../arm-none-eabi/lib/thumb/v6-m/nofp/libc_nano.a(libc_a-memset.o)
                0x0800a268                memset
 .text.__libc_init_array
                0x0800a278       0x48 /Applications/STM32CubeIDE.app/Contents/Eclipse/plugins/com.st.stm32cube.ide.mcu.externaltools.gnu-tools-for-stm32.14.3.rel1.macosaarch64_1.0.0.202602081740/tools/bin/../lib/gcc/arm-none-eabi/14.3.1/../../../../arm-none-eabi/lib/thumb/v6-m/nofp/libc_nano.a(libc_a-init.o)
                0x0800a278                __libc_init_array
 *(.glue_7)
 .glue_7        0x0800a2c0        0x0 linker stubs
 *(.glue_7t)
 .glue_7t       0x0800a2c0        0x0 linker stubs
 *(.eh_frame)
 .eh_frame      0x0800a2c0        0x0 /Applications/STM32CubeIDE.app/Contents/Eclipse/plugins/com.st.stm32cube.ide.mcu.externaltools.gnu-tools-for-stm32.14.3.rel1.macosaarch64_1.0.0.202602081740/tools/bin/../lib/gcc/arm-none-eabi/14.3.1/thumb/v6-m/nofp/crtbegin.o
 *(.init)
 .init          0x0800a2c0        0x4 /Applications/STM32CubeIDE.app/Contents/Eclipse/plugins/com.st.stm32cube.ide.mcu.externaltools.gnu-tools-for-stm32.14.3.rel1.macosaarch64_1.0.0.202602081740/tools/bin/../lib/gcc/arm-none-eabi/14.3.1/thumb/v6-m/nofp/crti.o
                0x0800a2c0                _init
 .init          0x0800a2c4        0x8 /Applications/STM32CubeIDE.app/Contents/Eclipse/plugins/com.st.stm32cube.ide.mcu.externaltools.gnu-tools-for-stm32.14.3.rel1.macosaarch64_1.0.0.202602081740/tools/bin/../lib/gcc/arm-none-eabi/14.3.1/thumb/v6-m/nofp/crtn.o
 *(.fini)
 .fini          0x0800a2cc        0x4 /Applications/STM32CubeIDE.app/Contents/Eclipse/plugins/com.st.stm32cube.ide.mcu.externaltools.gnu-tools-for-stm32.14.3.rel1.macosaarch64_1.0.0.202602081740/tools/bin/../lib/gcc/arm-none-eabi/14.3.1/thumb/v6-m/nofp/crti.o
                0x0800a2cc                _fini
 .fini          0x0800a2d0        0x8 /Applications/STM32CubeIDE.app/Contents/Eclipse/plugins/com.st.stm32cube.ide.mcu.externaltools.gnu-tools-for-stm32.14.3.rel1.macosaarch64_1.0.0.202602081740/tools/bin/../lib/gcc/arm-none-eabi/14.3.1/thumb/v6-m/nofp/crtn.o
                0x0800a2d8                        . = ALIGN (0x4)
                0x0800a2d8                        _etext = .

.vfp11_veneer   0x0800a2d8        0x0
 .vfp11_veneer  0x0800a2d8        0x0 linker stubs

.v4_bx          0x0800a2d8        0x0
 .v4_bx         0x0800a2d8        0x0 linker stubs

.iplt           0x0800a2d8        0x0
 .iplt          0x0800a2d8        0x0 /Applications/STM32CubeIDE.app/Contents/Eclipse/plugins/com.st.stm32cube.ide.mcu.externaltools.gnu-tools-for-stm32.14.3.rel1.macosaarch64_1.0.0.202602081740/tools/bin/../lib/gcc/arm-none-eabi/14.3.1/thumb/v6-m/nofp/crtbegin.o

.rodata         0x0800a2d8      0x158
                0x0800a2d8                        . = ALIGN (0x4)
 *(.rodata)
 .rodata        0x0800a2d8       0x7c /Applications/STM32CubeIDE.app/Contents/Eclipse/plugins/com.st.stm32cube.ide.mcu.externaltools.gnu-tools-for-stm32.14.3.rel1.macosaarch64_1.0.0.202602081740/tools/bin/../lib/gcc/arm-none-eabi/14.3.1/thumb/v6-m/nofp/libgcc.a(divsf3.o)
 .rodata        0x0800a354       0x40 /Applications/STM32CubeIDE.app/Contents/Eclipse/plugins/com.st.stm32cube.ide.mcu.externaltools.gnu-tools-for-stm32.14.3.rel1.macosaarch64_1.0.0.202602081740/tools/bin/../lib/gcc/arm-none-eabi/14.3.1/thumb/v6-m/nofp/libgcc.a(divdf3.o)
 *(.rodata*)
 .rodata.handle_water_state
                0x0800a394       0x14 ./Core/Src/state_machine.o
 .rodata.AHBPrescTable
                0x0800a3a8       0x40 ./Core/Src/system_stm32g0xx.o
                0x0800a3a8                AHBPrescTable
 .rodata.APBPrescTable
                0x0800a3e8       0x20 ./Core/Src/system_stm32g0xx.o
                0x0800a3e8                APBPrescTable
 .rodata.UARTPrescTable
                0x0800a408       0x18 ./Drivers/STM32G0xx_HAL_Driver/Src/stm32g0xx_hal_uart.o
                0x0800a408                UARTPrescTable
 .rodata.numerator.1
                0x0800a420        0x8 ./Drivers/STM32G0xx_HAL_Driver/Src/stm32g0xx_hal_uart_ex.o
 .rodata.denominator.0
                0x0800a428        0x8 ./Drivers/STM32G0xx_HAL_Driver/Src/stm32g0xx_hal_uart_ex.o
                0x0800a430                        . = ALIGN (0x4)

.ARM.extab      0x0800a430        0x0
                0x0800a430                        . = ALIGN (0x4)
 *(.ARM.extab* .gnu.linkonce.armextab.*)
                0x0800a430                        . = ALIGN (0x4)

.ARM            0x0800a430        0x8
                0x0800a430                        . = ALIGN (0x4)
                0x0800a430                        __exidx_start = .
 *(.ARM.exidx*)
 .ARM.exidx     0x0800a430        0x8 /Applications/STM32CubeIDE.app/Contents/Eclipse/plugins/com.st.stm32cube.ide.mcu.externaltools.gnu-tools-for-stm32.14.3.rel1.macosaarch64_1.0.0.202602081740/tools/bin/../lib/gcc/arm-none-eabi/14.3.1/thumb/v6-m/nofp/libgcc.a(_udivmoddi4.o)
                0x0800a438                        __exidx_end = .
                0x0800a438                        . = ALIGN (0x4)

.preinit_array  0x0800a438        0x0
                0x0800a438                        . = ALIGN (0x4)
                0x0800a438                        PROVIDE (__preinit_array_start = .)
 *(.preinit_array*)
                0x0800a438                        PROVIDE (__preinit_array_end = .)
                0x0800a438                        . = ALIGN (0x4)

.init_array     0x0800a438        0x4
                0x0800a438                        . = ALIGN (0x4)
                0x0800a438                        PROVIDE (__init_array_start = .)
 *(SORT_BY_NAME(.init_array.*))
 *(.init_array*)
 .init_array    0x0800a438        0x4 /Applications/STM32CubeIDE.app/Contents/Eclipse/plugins/com.st.stm32cube.ide.mcu.externaltools.gnu-tools-for-stm32.14.3.rel1.macosaarch64_1.0.0.202602081740/tools/bin/../lib/gcc/arm-none-eabi/14.3.1/thumb/v6-m/nofp/crtbegin.o
                0x0800a43c                        PROVIDE (__init_array_end = .)
                0x0800a43c                        . = ALIGN (0x4)

.fini_array     0x0800a43c        0x4
                0x0800a43c                        . = ALIGN (0x4)
                [!provide]                        PROVIDE (__fini_array_start = .)
 *(SORT_BY_NAME(.fini_array.*))
 *(.fini_array*)
 .fini_array    0x0800a43c        0x4 /Applications/STM32CubeIDE.app/Contents/Eclipse/plugins/com.st.stm32cube.ide.mcu.externaltools.gnu-tools-for-stm32.14.3.rel1.macosaarch64_1.0.0.202602081740/tools/bin/../lib/gcc/arm-none-eabi/14.3.1/thumb/v6-m/nofp/crtbegin.o
                [!provide]                        PROVIDE (__fini_array_end = .)
                0x0800a440                        . = ALIGN (0x4)
                0x0800a440                        _sidata = LOADADDR (.data)

.rel.dyn        0x0800a440        0x0
 .rel.iplt      0x0800a440        0x0 /Applications/STM32CubeIDE.app/Contents/Eclipse/plugins/com.st.stm32cube.ide.mcu.externaltools.gnu-tools-for-stm32.14.3.rel1.macosaarch64_1.0.0.202602081740/tools/bin/../lib/gcc/arm-none-eabi/14.3.1/thumb/v6-m/nofp/crtbegin.o

.data           0x20000000       0x40 load address 0x0800a440
                0x20000000                        . = ALIGN (0x4)
                0x20000000                        _sdata = .
 *(.data)
 *(.data*)
 .data.sched_date_time
                0x20000000        0x6 ./Core/Src/DS3231(CLK).o
                0x20000000                sched_date_time
 *fill*         0x20000006        0x2 
 .data.htd      0x20000008        0x8 ./Core/Src/mcp23017.o
                0x20000008                htd
 .data.ph_instance
                0x20000010        0xc ./Core/Src/ph.o
 .data.ph_struct
                0x2000001c        0x4 ./Core/Src/ph.o
                0x2000001c                ph_struct
 .data.state_entry
                0x20000020        0x1 ./Core/Src/state_logic.o
 .data.flow_rate
                0x20000021        0x1 ./Core/Src/state_logic.o
                0x20000021                flow_rate
 *fill*         0x20000022        0x2 
 .data.rangevalues
                0x20000024       0x10 ./Core/Src/state_machine.o
                0x20000024                rangevalues
 .data.SystemCoreClock
                0x20000034        0x4 ./Core/Src/system_stm32g0xx.o
                0x20000034                SystemCoreClock
 .data.uwTickPrio
                0x20000038        0x4 ./Drivers/STM32G0xx_HAL_Driver/Src/stm32g0xx_hal.o
                0x20000038                uwTickPrio
 .data.uwTickFreq
                0x2000003c        0x1 ./Drivers/STM32G0xx_HAL_Driver/Src/stm32g0xx_hal.o
                0x2000003c                uwTickFreq
 *(.RamFunc)
 *(.RamFunc*)
                0x20000040                        . = ALIGN (0x4)
 *fill*         0x2000003d        0x3 
                0x20000040                        _edata = .

.igot.plt       0x20000040        0x0 load address 0x0800a480
 .igot.plt      0x20000040        0x0 /Applications/STM32CubeIDE.app/Contents/Eclipse/plugins/com.st.stm32cube.ide.mcu.externaltools.gnu-tools-for-stm32.14.3.rel1.macosaarch64_1.0.0.202602081740/tools/bin/../lib/gcc/arm-none-eabi/14.3.1/thumb/v6-m/nofp/crtbegin.o
                0x20000040                        . = ALIGN (0x4)

.bss            0x20000040      0x3ec load address 0x0800a480
                0x20000040                        _sbss = .
                0x20000040                        __bss_start__ = _sbss
 *(.bss)
 .bss           0x20000040       0x1c /Applications/STM32CubeIDE.app/Contents/Eclipse/plugins/com.st.stm32cube.ide.mcu.externaltools.gnu-tools-for-stm32.14.3.rel1.macosaarch64_1.0.0.202602081740/tools/bin/../lib/gcc/arm-none-eabi/14.3.1/thumb/v6-m/nofp/crtbegin.o
 *(.bss*)
 .bss._ds3231_ui2c
                0x2000005c        0x4 ./Core/Src/DS3231(CLK).o
                0x2000005c                _ds3231_ui2c
 .bss.curr_date_time
                0x20000060        0x8 ./Core/Src/DS3231(CLK).o
                0x20000060                curr_date_time
 .bss.hadc1     0x20000068       0x64 ./Core/Src/main.o
                0x20000068                hadc1
 .bss.hdma_adc1
                0x200000cc       0x60 ./Core/Src/main.o
                0x200000cc                hdma_adc1
 .bss.hi2c1     0x2000012c       0x54 ./Core/Src/main.o
                0x2000012c                hi2c1
 .bss.hi2c2     0x20000180       0x54 ./Core/Src/main.o
                0x20000180                hi2c2
 .bss.hi2c3     0x200001d4       0x54 ./Core/Src/main.o
                0x200001d4                hi2c3
 .bss.huart1    0x20000228       0x94 ./Core/Src/main.o
                0x20000228                huart1
 .bss.huart2    0x200002bc       0x94 ./Core/Src/main.o
                0x200002bc                huart2
 .bss.huart3    0x20000350       0x94 ./Core/Src/main.o
                0x20000350                huart3
 .bss.adc_buffer
                0x200003e4        0x4 ./Core/Src/main.o
                0x200003e4                adc_buffer
 .bss.water_change_flag
                0x200003e8        0x1 ./Core/Src/main.o
                0x200003e8                water_change_flag
 *fill*         0x200003e9        0x3 
 .bss.sensorvalues
                0x200003ec       0x10 ./Core/Src/main.o
                0x200003ec                sensorvalues
 .bss.cooldown  0x200003fc        0x8 ./Core/Src/main.o
                0x200003fc                cooldown
 .bss.fill_elapsed
                0x20000404        0x4 ./Core/Src/state_logic.o
 .bss.fill_start_sod
                0x20000408        0x4 ./Core/Src/state_logic.o
 .bss.FAN_ON_TEMP
                0x2000040c        0x4 ./Core/Src/state_logic.o
                0x2000040c                FAN_ON_TEMP
 .bss.FAN_OFF_TEMP
                0x20000410        0x4 ./Core/Src/state_logic.o
                0x20000410                FAN_OFF_TEMP
 .bss.fan_on    0x20000414        0x1 ./Core/Src/state_logic.o
 *fill*         0x20000415        0x3 
 .bss.idle_sod.1
                0x20000418        0x4 ./Core/Src/state_logic.o
 .bss.drain_sod.0
                0x2000041c        0x4 ./Core/Src/state_logic.o
 .bss.current_state
                0x20000420        0x1 ./Core/Src/state_machine.o
                0x20000420                current_state
 *fill*         0x20000421        0x3 
 .bss.tankFlags
                0x20000424        0x3 ./Core/Src/state_machine.o
                0x20000424                tankFlags
 *fill*         0x20000427        0x1 
 .bss.uwTick    0x20000428        0x4 ./Drivers/STM32G0xx_HAL_Driver/Src/stm32g0xx_hal.o
                0x20000428                uwTick
 *(COMMON)
                0x2000042c                        . = ALIGN (0x4)
                0x2000042c                        _ebss = .
                0x2000042c                        __bss_end__ = _ebss

._user_heap_stack
                0x2000042c      0x604 load address 0x0800a480
                0x20000430                        . = ALIGN (0x8)
 *fill*         0x2000042c        0x4 
                [!provide]                        PROVIDE (end = .)
                0x20000430                        PROVIDE (_end = .)
                0x20000630                        . = (. + _Min_Heap_Size)
 *fill*         0x20000430      0x200 
                0x20000a30                        . = (. + _Min_Stack_Size)
 *fill*         0x20000630      0x400 
                0x20000a30                        . = ALIGN (0x8)

/DISCARD/
 libc.a(*)
 libm.a(*)
 libgcc.a(*)

.ARM.attributes
                0x00000000       0x28
 *(.ARM.attributes)
 .ARM.attributes
                0x00000000       0x1e /Applications/STM32CubeIDE.app/Contents/Eclipse/plugins/com.st.stm32cube.ide.mcu.externaltools.gnu-tools-for-stm32.14.3.rel1.macosaarch64_1.0.0.202602081740/tools/bin/../lib/gcc/arm-none-eabi/14.3.1/thumb/v6-m/nofp/crti.o
 .ARM.attributes
                0x0000001e       0x2c /Applications/STM32CubeIDE.app/Contents/Eclipse/plugins/com.st.stm32cube.ide.mcu.externaltools.gnu-tools-for-stm32.14.3.rel1.macosaarch64_1.0.0.202602081740/tools/bin/../lib/gcc/arm-none-eabi/14.3.1/thumb/v6-m/nofp/crtbegin.o
 .ARM.attributes
                0x0000004a       0x2c ./Core/Src/DS18B20.o
 .ARM.attributes
                0x00000076       0x2c ./Core/Src/DS3231(CLK).o
 .ARM.attributes
                0x000000a2       0x2c ./Core/Src/main.o
 .ARM.attributes
                0x000000ce       0x2c ./Core/Src/mcp23017.o
 .ARM.attributes
                0x000000fa       0x2c ./Core/Src/ph.o
 .ARM.attributes
                0x00000126       0x2c ./Core/Src/physical_controls.o
 .ARM.attributes
                0x00000152       0x2c ./Core/Src/state_logic.o
 .ARM.attributes
                0x0000017e       0x2c ./Core/Src/state_machine.o
 .ARM.attributes
                0x000001aa       0x2c ./Core/Src/stm32g0xx_hal_msp.o
 .ARM.attributes
                0x000001d6       0x2c ./Core/Src/stm32g0xx_it.o
 .ARM.attributes
                0x00000202       0x2c ./Core/Src/system_stm32g0xx.o
 .ARM.attributes
                0x0000022e       0x2c ./Core/Src/turbidity.o
 .ARM.attributes
                0x0000025a       0x2c ./Core/Src/waterlevel.o
 .ARM.attributes
                0x00000286       0x22 ./Core/Startup/startup_stm32g0b1retx.o
 .ARM.attributes
                0x000002a8       0x2c ./Drivers/STM32G0xx_HAL_Driver/Src/stm32g0xx_hal.o
 .ARM.attributes
                0x000002d4       0x2c ./Drivers/STM32G0xx_HAL_Driver/Src/stm32g0xx_hal_adc.o
 .ARM.attributes
                0x00000300       0x2c ./Drivers/STM32G0xx_HAL_Driver/Src/stm32g0xx_hal_cortex.o
 .ARM.attributes
                0x0000032c       0x2c ./Drivers/STM32G0xx_HAL_Driver/Src/stm32g0xx_hal_dma.o
 .ARM.attributes
                0x00000358       0x2c ./Drivers/STM32G0xx_HAL_Driver/Src/stm32g0xx_hal_gpio.o
 .ARM.attributes
                0x00000384       0x2c ./Drivers/STM32G0xx_HAL_Driver/Src/stm32g0xx_hal_i2c.o
 .ARM.attributes
                0x000003b0       0x2c ./Drivers/STM32G0xx_HAL_Driver/Src/stm32g0xx_hal_i2c_ex.o
 .ARM.attributes
                0x000003dc       0x2c ./Drivers/STM32G0xx_HAL_Driver/Src/stm32g0xx_hal_pwr_ex.o
 .ARM.attributes
                0x00000408       0x2c ./Drivers/STM32G0xx_HAL_Driver/Src/stm32g0xx_hal_rcc.o
 .ARM.attributes
                0x00000434       0x2c ./Drivers/STM32G0xx_HAL_Driver/Src/stm32g0xx_hal_rcc_ex.o
 .ARM.attributes
                0x00000460       0x2c ./Drivers/STM32G0xx_HAL_Driver/Src/stm32g0xx_hal_uart.o
 .ARM.attributes
                0x0000048c       0x2c ./Drivers/STM32G0xx_HAL_Driver/Src/stm32g0xx_hal_uart_ex.o
 .ARM.attributes
                0x000004b8       0x2c /Applications/STM32CubeIDE.app/Contents/Eclipse/plugins/com.st.stm32cube.ide.mcu.externaltools.gnu-tools-for-stm32.14.3.rel1.macosaarch64_1.0.0.202602081740/tools/bin/../lib/gcc/arm-none-eabi/14.3.1/../../../../arm-none-eabi/lib/thumb/v6-m/nofp/libc_nano.a(libc_a-memset.o)
 .ARM.attributes
                0x000004e4       0x2c /Applications/STM32CubeIDE.app/Contents/Eclipse/plugins/com.st.stm32cube.ide.mcu.externaltools.gnu-tools-for-stm32.14.3.rel1.macosaarch64_1.0.0.202602081740/tools/bin/../lib/gcc/arm-none-eabi/14.3.1/../../../../arm-none-eabi/lib/thumb/v6-m/nofp/libc_nano.a(libc_a-init.o)
 .ARM.attributes
                0x00000510       0x1e /Applications/STM32CubeIDE.app/Contents/Eclipse/plugins/com.st.stm32cube.ide.mcu.externaltools.gnu-tools-for-stm32.14.3.rel1.macosaarch64_1.0.0.202602081740/tools/bin/../lib/gcc/arm-none-eabi/14.3.1/thumb/v6-m/nofp/libgcc.a(_udivsi3.o)
 .ARM.attributes
                0x0000052e       0x1e /Applications/STM32CubeIDE.app/Contents/Eclipse/plugins/com.st.stm32cube.ide.mcu.externaltools.gnu-tools-for-stm32.14.3.rel1.macosaarch64_1.0.0.202602081740/tools/bin/../lib/gcc/arm-none-eabi/14.3.1/thumb/v6-m/nofp/libgcc.a(_divsi3.o)
 .ARM.attributes
                0x0000054c       0x1e /Applications/STM32CubeIDE.app/Contents/Eclipse/plugins/com.st.stm32cube.ide.mcu.externaltools.gnu-tools-for-stm32.14.3.rel1.macosaarch64_1.0.0.202602081740/tools/bin/../lib/gcc/arm-none-eabi/14.3.1/thumb/v6-m/nofp/libgcc.a(_dvmd_tls.o)
 .ARM.attributes
                0x0000056a       0x1e /Applications/STM32CubeIDE.app/Contents/Eclipse/plugins/com.st.stm32cube.ide.mcu.externaltools.gnu-tools-for-stm32.14.3.rel1.macosaarch64_1.0.0.202602081740/tools/bin/../lib/gcc/arm-none-eabi/14.3.1/thumb/v6-m/nofp/libgcc.a(_arm_cmpdf2.o)
 .ARM.attributes
                0x00000588       0x1e /Applications/STM32CubeIDE.app/Contents/Eclipse/plugins/com.st.stm32cube.ide.mcu.externaltools.gnu-tools-for-stm32.14.3.rel1.macosaarch64_1.0.0.202602081740/tools/bin/../lib/gcc/arm-none-eabi/14.3.1/thumb/v6-m/nofp/libgcc.a(_arm_cmpsf2.o)
 .ARM.attributes
                0x000005a6       0x1e /Applications/STM32CubeIDE.app/Contents/Eclipse/plugins/com.st.stm32cube.ide.mcu.externaltools.gnu-tools-for-stm32.14.3.rel1.macosaarch64_1.0.0.202602081740/tools/bin/../lib/gcc/arm-none-eabi/14.3.1/thumb/v6-m/nofp/libgcc.a(_aeabi_uldivmod.o)
 .ARM.attributes
                0x000005c4       0x2c /Applications/STM32CubeIDE.app/Contents/Eclipse/plugins/com.st.stm32cube.ide.mcu.externaltools.gnu-tools-for-stm32.14.3.rel1.macosaarch64_1.0.0.202602081740/tools/bin/../lib/gcc/arm-none-eabi/14.3.1/thumb/v6-m/nofp/libgcc.a(_udivmoddi4.o)
 .ARM.attributes
                0x000005f0       0x2c /Applications/STM32CubeIDE.app/Contents/Eclipse/plugins/com.st.stm32cube.ide.mcu.externaltools.gnu-tools-for-stm32.14.3.rel1.macosaarch64_1.0.0.202602081740/tools/bin/../lib/gcc/arm-none-eabi/14.3.1/thumb/v6-m/nofp/libgcc.a(addsf3.o)
 .ARM.attributes
                0x0000061c       0x2c /Applications/STM32CubeIDE.app/Contents/Eclipse/plugins/com.st.stm32cube.ide.mcu.externaltools.gnu-tools-for-stm32.14.3.rel1.macosaarch64_1.0.0.202602081740/tools/bin/../lib/gcc/arm-none-eabi/14.3.1/thumb/v6-m/nofp/libgcc.a(divsf3.o)
 .ARM.attributes
                0x00000648       0x2c /Applications/STM32CubeIDE.app/Contents/Eclipse/plugins/com.st.stm32cube.ide.mcu.externaltools.gnu-tools-for-stm32.14.3.rel1.macosaarch64_1.0.0.202602081740/tools/bin/../lib/gcc/arm-none-eabi/14.3.1/thumb/v6-m/nofp/libgcc.a(eqsf2.o)
 .ARM.attributes
                0x00000674       0x2c /Applications/STM32CubeIDE.app/Contents/Eclipse/plugins/com.st.stm32cube.ide.mcu.externaltools.gnu-tools-for-stm32.14.3.rel1.macosaarch64_1.0.0.202602081740/tools/bin/../lib/gcc/arm-none-eabi/14.3.1/thumb/v6-m/nofp/libgcc.a(gesf2.o)
 .ARM.attributes
                0x000006a0       0x2c /Applications/STM32CubeIDE.app/Contents/Eclipse/plugins/com.st.stm32cube.ide.mcu.externaltools.gnu-tools-for-stm32.14.3.rel1.macosaarch64_1.0.0.202602081740/tools/bin/../lib/gcc/arm-none-eabi/14.3.1/thumb/v6-m/nofp/libgcc.a(lesf2.o)
 .ARM.attributes
                0x000006cc       0x2c /Applications/STM32CubeIDE.app/Contents/Eclipse/plugins/com.st.stm32cube.ide.mcu.externaltools.gnu-tools-for-stm32.14.3.rel1.macosaarch64_1.0.0.202602081740/tools/bin/../lib/gcc/arm-none-eabi/14.3.1/thumb/v6-m/nofp/libgcc.a(mulsf3.o)
 .ARM.attributes
                0x000006f8       0x2c /Applications/STM32CubeIDE.app/Contents/Eclipse/plugins/com.st.stm32cube.ide.mcu.externaltools.gnu-tools-for-stm32.14.3.rel1.macosaarch64_1.0.0.202602081740/tools/bin/../lib/gcc/arm-none-eabi/14.3.1/thumb/v6-m/nofp/libgcc.a(subsf3.o)
 .ARM.attributes
                0x00000724       0x2c /Applications/STM32CubeIDE.app/Contents/Eclipse/plugins/com.st.stm32cube.ide.mcu.externaltools.gnu-tools-for-stm32.14.3.rel1.macosaarch64_1.0.0.202602081740/tools/bin/../lib/gcc/arm-none-eabi/14.3.1/thumb/v6-m/nofp/libgcc.a(fixsfsi.o)
 .ARM.attributes
                0x00000750       0x2c /Applications/STM32CubeIDE.app/Contents/Eclipse/plugins/com.st.stm32cube.ide.mcu.externaltools.gnu-tools-for-stm32.14.3.rel1.macosaarch64_1.0.0.202602081740/tools/bin/../lib/gcc/arm-none-eabi/14.3.1/thumb/v6-m/nofp/libgcc.a(floatunsisf.o)
 .ARM.attributes
                0x0000077c       0x2c /Applications/STM32CubeIDE.app/Contents/Eclipse/plugins/com.st.stm32cube.ide.mcu.externaltools.gnu-tools-for-stm32.14.3.rel1.macosaarch64_1.0.0.202602081740/tools/bin/../lib/gcc/arm-none-eabi/14.3.1/thumb/v6-m/nofp/libgcc.a(adddf3.o)
 .ARM.attributes
                0x000007a8       0x2c /Applications/STM32CubeIDE.app/Contents/Eclipse/plugins/com.st.stm32cube.ide.mcu.externaltools.gnu-tools-for-stm32.14.3.rel1.macosaarch64_1.0.0.202602081740/tools/bin/../lib/gcc/arm-none-eabi/14.3.1/thumb/v6-m/nofp/libgcc.a(divdf3.o)
 .ARM.attributes
                0x000007d4       0x2c /Applications/STM32CubeIDE.app/Contents/Eclipse/plugins/com.st.stm32cube.ide.mcu.externaltools.gnu-tools-for-stm32.14.3.rel1.macosaarch64_1.0.0.202602081740/tools/bin/../lib/gcc/arm-none-eabi/14.3.1/thumb/v6-m/nofp/libgcc.a(eqdf2.o)
 .ARM.attributes
                0x00000800       0x2c /Applications/STM32CubeIDE.app/Contents/Eclipse/plugins/com.st.stm32cube.ide.mcu.externaltools.gnu-tools-for-stm32.14.3.rel1.macosaarch64_1.0.0.202602081740/tools/bin/../lib/gcc/arm-none-eabi/14.3.1/thumb/v6-m/nofp/libgcc.a(gedf2.o)
 .ARM.attributes
                0x0000082c       0x2c /Applications/STM32CubeIDE.app/Contents/Eclipse/plugins/com.st.stm32cube.ide.mcu.externaltools.gnu-tools-for-stm32.14.3.rel1.macosaarch64_1.0.0.202602081740/tools/bin/../lib/gcc/arm-none-eabi/14.3.1/thumb/v6-m/nofp/libgcc.a(ledf2.o)
 .ARM.attributes
                0x00000858       0x2c /Applications/STM32CubeIDE.app/Contents/Eclipse/plugins/com.st.stm32cube.ide.mcu.externaltools.gnu-tools-for-stm32.14.3.rel1.macosaarch64_1.0.0.202602081740/tools/bin/../lib/gcc/arm-none-eabi/14.3.1/thumb/v6-m/nofp/libgcc.a(muldf3.o)
 .ARM.attributes
                0x00000884       0x2c /Applications/STM32CubeIDE.app/Contents/Eclipse/plugins/com.st.stm32cube.ide.mcu.externaltools.gnu-tools-for-stm32.14.3.rel1.macosaarch64_1.0.0.202602081740/tools/bin/../lib/gcc/arm-none-eabi/14.3.1/thumb/v6-m/nofp/libgcc.a(subdf3.o)
 .ARM.attributes
                0x000008b0       0x2c /Applications/STM32CubeIDE.app/Contents/Eclipse/plugins/com.st.stm32cube.ide.mcu.externaltools.gnu-tools-for-stm32.14.3.rel1.macosaarch64_1.0.0.202602081740/tools/bin/../lib/gcc/arm-none-eabi/14.3.1/thumb/v6-m/nofp/libgcc.a(extendsfdf2.o)
 .ARM.attributes
                0x000008dc       0x2c /Applications/STM32CubeIDE.app/Contents/Eclipse/plugins/com.st.stm32cube.ide.mcu.externaltools.gnu-tools-for-stm32.14.3.rel1.macosaarch64_1.0.0.202602081740/tools/bin/../lib/gcc/arm-none-eabi/14.3.1/thumb/v6-m/nofp/libgcc.a(truncdfsf2.o)
 .ARM.attributes
                0x00000908       0x1e /Applications/STM32CubeIDE.app/Contents/Eclipse/plugins/com.st.stm32cube.ide.mcu.externaltools.gnu-tools-for-stm32.14.3.rel1.macosaarch64_1.0.0.202602081740/tools/bin/../lib/gcc/arm-none-eabi/14.3.1/thumb/v6-m/nofp/libgcc.a(_clzsi2.o)
 .ARM.attributes
                0x00000926       0x1e /Applications/STM32CubeIDE.app/Contents/Eclipse/plugins/com.st.stm32cube.ide.mcu.externaltools.gnu-tools-for-stm32.14.3.rel1.macosaarch64_1.0.0.202602081740/tools/bin/../lib/gcc/arm-none-eabi/14.3.1/thumb/v6-m/nofp/libgcc.a(_clzdi2.o)
 .ARM.attributes
                0x00000944       0x1e /Applications/STM32CubeIDE.app/Contents/Eclipse/plugins/com.st.stm32cube.ide.mcu.externaltools.gnu-tools-for-stm32.14.3.rel1.macosaarch64_1.0.0.202602081740/tools/bin/../lib/gcc/arm-none-eabi/14.3.1/thumb/v6-m/nofp/crtn.o
OUTPUT(All Sensors.elf elf32-littlearm)
LOAD linker stubs
LOAD /Applications/STM32CubeIDE.app/Contents/Eclipse/plugins/com.st.stm32cube.ide.mcu.externaltools.gnu-tools-for-stm32.14.3.rel1.macosaarch64_1.0.0.202602081740/tools/bin/../lib/gcc/arm-none-eabi/14.3.1/../../../../arm-none-eabi/lib/thumb/v6-m/nofp/libc.a
LOAD /Applications/STM32CubeIDE.app/Contents/Eclipse/plugins/com.st.stm32cube.ide.mcu.externaltools.gnu-tools-for-stm32.14.3.rel1.macosaarch64_1.0.0.202602081740/tools/bin/../lib/gcc/arm-none-eabi/14.3.1/../../../../arm-none-eabi/lib/thumb/v6-m/nofp/libm.a
LOAD /Applications/STM32CubeIDE.app/Contents/Eclipse/plugins/com.st.stm32cube.ide.mcu.externaltools.gnu-tools-for-stm32.14.3.rel1.macosaarch64_1.0.0.202602081740/tools/bin/../lib/gcc/arm-none-eabi/14.3.1/thumb/v6-m/nofp/libgcc.a

.debug_info     0x00000000    0x15baa
 .debug_info    0x00000000      0xaeb ./Core/Src/DS18B20.o
 .debug_info    0x00000aeb     0x1268 ./Core/Src/DS3231(CLK).o
 .debug_info    0x00001d53     0x189a ./Core/Src/main.o
 .debug_info    0x000035ed      0xc1f ./Core/Src/mcp23017.o
 .debug_info    0x0000420c      0x174 ./Core/Src/ph.o
 .debug_info    0x00004380      0x924 ./Core/Src/physical_controls.o
 .debug_info    0x00004ca4      0xbd4 ./Core/Src/state_logic.o
 .debug_info    0x00005878      0x407 ./Core/Src/state_machine.o
 .debug_info    0x00005c7f     0x1529 ./Core/Src/stm32g0xx_hal_msp.o
 .debug_info    0x000071a8      0x125 ./Core/Src/stm32g0xx_it.o
 .debug_info    0x000072cd      0x316 ./Core/Src/system_stm32g0xx.o
 .debug_info    0x000075e3      0x1be ./Core/Src/turbidity.o
 .debug_info    0x000077a1      0x889 ./Core/Src/waterlevel.o
 .debug_info    0x0000802a       0x30 ./Core/Startup/startup_stm32g0b1retx.o
 .debug_info    0x0000805a      0xafa ./Drivers/STM32G0xx_HAL_Driver/Src/stm32g0xx_hal.o
 .debug_info    0x00008b54     0x15cf ./Drivers/STM32G0xx_HAL_Driver/Src/stm32g0xx_hal_adc.o
 .debug_info    0x0000a123      0x8d9 ./Drivers/STM32G0xx_HAL_Driver/Src/stm32g0xx_hal_cortex.o
 .debug_info    0x0000a9fc      0x869 ./Drivers/STM32G0xx_HAL_Driver/Src/stm32g0xx_hal_dma.o
 .debug_info    0x0000b265      0x5d9 ./Drivers/STM32G0xx_HAL_Driver/Src/stm32g0xx_hal_gpio.o
 .debug_info    0x0000b83e     0x2205 ./Drivers/STM32G0xx_HAL_Driver/Src/stm32g0xx_hal_i2c.o
 .debug_info    0x0000da43      0xa46 ./Drivers/STM32G0xx_HAL_Driver/Src/stm32g0xx_hal_i2c_ex.o
 .debug_info    0x0000e489      0x8b5 ./Drivers/STM32G0xx_HAL_Driver/Src/stm32g0xx_hal_pwr_ex.o
 .debug_info    0x0000ed3e      0xb9b ./Drivers/STM32G0xx_HAL_Driver/Src/stm32g0xx_hal_rcc.o
 .debug_info    0x0000f8d9      0xa41 ./Drivers/STM32G0xx_HAL_Driver/Src/stm32g0xx_hal_rcc_ex.o
 .debug_info    0x0001031a     0x48a0 ./Drivers/STM32G0xx_HAL_Driver/Src/stm32g0xx_hal_uart.o
 .debug_info    0x00014bba      0xff0 ./Drivers/STM32G0xx_HAL_Driver/Src/stm32g0xx_hal_uart_ex.o

.debug_abbrev   0x00000000     0x335e
 .debug_abbrev  0x00000000      0x1e9 ./Core/Src/DS18B20.o
 .debug_abbrev  0x000001e9      0x34e ./Core/Src/DS3231(CLK).o
 .debug_abbrev  0x00000537      0x2fb ./Core/Src/main.o
 .debug_abbrev  0x00000832      0x1e6 ./Core/Src/mcp23017.o
 .debug_abbrev  0x00000a18       0xe4 ./Core/Src/ph.o
 .debug_abbrev  0x00000afc      0x187 ./Core/Src/physical_controls.o
 .debug_abbrev  0x00000c83      0x21d ./Core/Src/state_logic.o
 .debug_abbrev  0x00000ea0      0x117 ./Core/Src/state_machine.o
 .debug_abbrev  0x00000fb7      0x22d ./Core/Src/stm32g0xx_hal_msp.o
 .debug_abbrev  0x000011e4       0xac ./Core/Src/stm32g0xx_it.o
 .debug_abbrev  0x00001290      0x119 ./Core/Src/system_stm32g0xx.o
 .debug_abbrev  0x000013a9       0xe3 ./Core/Src/turbidity.o
 .debug_abbrev  0x0000148c      0x1cb ./Core/Src/waterlevel.o
 .debug_abbrev  0x00001657       0x24 ./Core/Startup/startup_stm32g0b1retx.o
 .debug_abbrev  0x0000167b      0x27f ./Drivers/STM32G0xx_HAL_Driver/Src/stm32g0xx_hal.o
 .debug_abbrev  0x000018fa      0x276 ./Drivers/STM32G0xx_HAL_Driver/Src/stm32g0xx_hal_adc.o
 .debug_abbrev  0x00001b70      0x2ab ./Drivers/STM32G0xx_HAL_Driver/Src/stm32g0xx_hal_cortex.o
 .debug_abbrev  0x00001e1b      0x214 ./Drivers/STM32G0xx_HAL_Driver/Src/stm32g0xx_hal_dma.o
 .debug_abbrev  0x0000202f      0x1c8 ./Drivers/STM32G0xx_HAL_Driver/Src/stm32g0xx_hal_gpio.o
 .debug_abbrev  0x000021f7      0x282 ./Drivers/STM32G0xx_HAL_Driver/Src/stm32g0xx_hal_i2c.o
 .debug_abbrev  0x00002479      0x1d7 ./Drivers/STM32G0xx_HAL_Driver/Src/stm32g0xx_hal_i2c_ex.o
 .debug_abbrev  0x00002650      0x23c ./Drivers/STM32G0xx_HAL_Driver/Src/stm32g0xx_hal_pwr_ex.o
 .debug_abbrev  0x0000288c      0x2aa ./Drivers/STM32G0xx_HAL_Driver/Src/stm32g0xx_hal_rcc.o
 .debug_abbrev  0x00002b36      0x244 ./Drivers/STM32G0xx_HAL_Driver/Src/stm32g0xx_hal_rcc_ex.o
 .debug_abbrev  0x00002d7a      0x311 ./Drivers/STM32G0xx_HAL_Driver/Src/stm32g0xx_hal_uart.o
 .debug_abbrev  0x0000308b      0x2d3 ./Drivers/STM32G0xx_HAL_Driver/Src/stm32g0xx_hal_uart_ex.o

.debug_aranges  0x00000000     0x1278
 .debug_aranges
                0x00000000       0x58 ./Core/Src/DS18B20.o
 .debug_aranges
                0x00000058      0x1a0 ./Core/Src/DS3231(CLK).o
 .debug_aranges
                0x000001f8       0x78 ./Core/Src/main.o
 .debug_aranges
                0x00000270       0x98 ./Core/Src/mcp23017.o
 .debug_aranges
                0x00000308       0x20 ./Core/Src/ph.o
 .debug_aranges
                0x00000328       0x68 ./Core/Src/physical_controls.o
 .debug_aranges
                0x00000390       0x58 ./Core/Src/state_logic.o
 .debug_aranges
                0x000003e8       0x38 ./Core/Src/state_machine.o
 .debug_aranges
                0x00000420       0x50 ./Core/Src/stm32g0xx_hal_msp.o
 .debug_aranges
                0x00000470       0x40 ./Core/Src/stm32g0xx_it.o
 .debug_aranges
                0x000004b0       0x28 ./Core/Src/system_stm32g0xx.o
 .debug_aranges
                0x000004d8       0x28 ./Core/Src/turbidity.o
 .debug_aranges
                0x00000500       0x30 ./Core/Src/waterlevel.o
 .debug_aranges
                0x00000530       0x28 ./Core/Startup/startup_stm32g0b1retx.o
 .debug_aranges
                0x00000558      0x130 ./Drivers/STM32G0xx_HAL_Driver/Src/stm32g0xx_hal.o
 .debug_aranges
                0x00000688      0x1f0 ./Drivers/STM32G0xx_HAL_Driver/Src/stm32g0xx_hal_adc.o
 .debug_aranges
                0x00000878       0xe8 ./Drivers/STM32G0xx_HAL_Driver/Src/stm32g0xx_hal_cortex.o
 .debug_aranges
                0x00000960       0x90 ./Drivers/STM32G0xx_HAL_Driver/Src/stm32g0xx_hal_dma.o
 .debug_aranges
                0x000009f0       0x60 ./Drivers/STM32G0xx_HAL_Driver/Src/stm32g0xx_hal_gpio.o
 .debug_aranges
                0x00000a50      0x2a0 ./Drivers/STM32G0xx_HAL_Driver/Src/stm32g0xx_hal_i2c.o
 .debug_aranges
                0x00000cf0       0x48 ./Drivers/STM32G0xx_HAL_Driver/Src/stm32g0xx_hal_i2c_ex.o
 .debug_aranges
                0x00000d38      0x128 ./Drivers/STM32G0xx_HAL_Driver/Src/stm32g0xx_hal_pwr_ex.o
 .debug_aranges
                0x00000e60       0xa0 ./Drivers/STM32G0xx_HAL_Driver/Src/stm32g0xx_hal_rcc.o
 .debug_aranges
                0x00000f00       0x88 ./Drivers/STM32G0xx_HAL_Driver/Src/stm32g0xx_hal_rcc_ex.o
 .debug_aranges
                0x00000f88      0x248 ./Drivers/STM32G0xx_HAL_Driver/Src/stm32g0xx_hal_uart.o
 .debug_aranges
                0x000011d0       0xa8 ./Drivers/STM32G0xx_HAL_Driver/Src/stm32g0xx_hal_uart_ex.o

.debug_rnglists
                0x00000000      0xe34
 .debug_rnglists
                0x00000000       0x3e ./Core/Src/DS18B20.o
 .debug_rnglists
                0x0000003e      0x136 ./Core/Src/DS3231(CLK).o
 .debug_rnglists
                0x00000174       0x5f ./Core/Src/main.o
 .debug_rnglists
                0x000001d3       0x6e ./Core/Src/mcp23017.o
 .debug_rnglists
                0x00000241       0x14 ./Core/Src/ph.o
 .debug_rnglists
                0x00000255       0x49 ./Core/Src/physical_controls.o
 .debug_rnglists
                0x0000029e       0x40 ./Core/Src/state_logic.o
 .debug_rnglists
                0x000002de       0x25 ./Core/Src/state_machine.o
 .debug_rnglists
                0x00000303       0x3c ./Core/Src/stm32g0xx_hal_msp.o
 .debug_rnglists
                0x0000033f       0x2b ./Core/Src/stm32g0xx_it.o
 .debug_rnglists
                0x0000036a       0x1a ./Core/Src/system_stm32g0xx.o
 .debug_rnglists
                0x00000384       0x1a ./Core/Src/turbidity.o
 .debug_rnglists
                0x0000039e       0x20 ./Core/Src/waterlevel.o
 .debug_rnglists
                0x000003be       0x19 ./Core/Startup/startup_stm32g0b1retx.o
 .debug_rnglists
                0x000003d7       0xe0 ./Drivers/STM32G0xx_HAL_Driver/Src/stm32g0xx_hal.o
 .debug_rnglists
                0x000004b7      0x17f ./Drivers/STM32G0xx_HAL_Driver/Src/stm32g0xx_hal_adc.o
 .debug_rnglists
                0x00000636       0xaa ./Drivers/STM32G0xx_HAL_Driver/Src/stm32g0xx_hal_cortex.o
 .debug_rnglists
                0x000006e0       0x72 ./Drivers/STM32G0xx_HAL_Driver/Src/stm32g0xx_hal_dma.o
 .debug_rnglists
                0x00000752       0x45 ./Drivers/STM32G0xx_HAL_Driver/Src/stm32g0xx_hal_gpio.o
 .debug_rnglists
                0x00000797      0x229 ./Drivers/STM32G0xx_HAL_Driver/Src/stm32g0xx_hal_i2c.o
 .debug_rnglists
                0x000009c0       0x35 ./Drivers/STM32G0xx_HAL_Driver/Src/stm32g0xx_hal_i2c_ex.o
 .debug_rnglists
                0x000009f5       0xe0 ./Drivers/STM32G0xx_HAL_Driver/Src/stm32g0xx_hal_pwr_ex.o
 .debug_rnglists
                0x00000ad5       0x79 ./Drivers/STM32G0xx_HAL_Driver/Src/stm32g0xx_hal_rcc.o
 .debug_rnglists
                0x00000b4e       0x69 ./Drivers/STM32G0xx_HAL_Driver/Src/stm32g0xx_hal_rcc_ex.o
 .debug_rnglists
                0x00000bb7      0x1fd ./Drivers/STM32G0xx_HAL_Driver/Src/stm32g0xx_hal_uart.o
 .debug_rnglists
                0x00000db4       0x80 ./Drivers/STM32G0xx_HAL_Driver/Src/stm32g0xx_hal_uart_ex.o

.debug_macro    0x00000000    0x1e5e3
 .debug_macro   0x00000000      0x22e ./Core/Src/DS18B20.o
 .debug_macro   0x0000022e      0xaae ./Core/Src/DS18B20.o
 .debug_macro   0x00000cdc      0x130 ./Core/Src/DS18B20.o
 .debug_macro   0x00000e0c       0x2e ./Core/Src/DS18B20.o
 .debug_macro   0x00000e3a       0x28 ./Core/Src/DS18B20.o
 .debug_macro   0x00000e62       0x22 ./Core/Src/DS18B20.o
 .debug_macro   0x00000e84       0x8e ./Core/Src/DS18B20.o
 .debug_macro   0x00000f12       0x51 ./Core/Src/DS18B20.o
 .debug_macro   0x00000f63      0x103 ./Core/Src/DS18B20.o
 .debug_macro   0x00001066       0x6a ./Core/Src/DS18B20.o
 .debug_macro   0x000010d0      0x1df ./Core/Src/DS18B20.o
 .debug_macro   0x000012af       0x1c ./Core/Src/DS18B20.o
 .debug_macro   0x000012cb       0x22 ./Core/Src/DS18B20.o
 .debug_macro   0x000012ed       0xd1 ./Core/Src/DS18B20.o
 .debug_macro   0x000013be      0x4da ./Core/Src/DS18B20.o
 .debug_macro   0x00001898      0x11f ./Core/Src/DS18B20.o
 .debug_macro   0x000019b7     0xf3de ./Core/Src/DS18B20.o
 .debug_macro   0x00010d95       0x66 ./Core/Src/DS18B20.o
 .debug_macro   0x00010dfb     0x350e ./Core/Src/DS18B20.o
 .debug_macro   0x00014309      0x190 ./Core/Src/DS18B20.o
 .debug_macro   0x00014499       0x5c ./Core/Src/DS18B20.o
 .debug_macro   0x000144f5      0x72c ./Core/Src/DS18B20.o
 .debug_macro   0x00014c21     0x1579 ./Core/Src/DS18B20.o
 .debug_macro   0x0001619a      0x535 ./Core/Src/DS18B20.o
 .debug_macro   0x000166cf      0x1cf ./Core/Src/DS18B20.o
 .debug_macro   0x0001689e      0x25b ./Core/Src/DS18B20.o
 .debug_macro   0x00016af9      0x4f5 ./Core/Src/DS18B20.o
 .debug_macro   0x00016fee      0x280 ./Core/Src/DS18B20.o
 .debug_macro   0x0001726e      0x417 ./Core/Src/DS18B20.o
 .debug_macro   0x00017685      0x1b2 ./Core/Src/DS18B20.o
 .debug_macro   0x00017837       0x43 ./Core/Src/DS18B20.o
 .debug_macro   0x0001787a      0x1f1 ./Core/Src/DS18B20.o
 .debug_macro   0x00017a6b      0x8bd ./Core/Src/DS18B20.o
 .debug_macro   0x00018328      0x5c9 ./Core/Src/DS18B20.o
 .debug_macro   0x000188f1       0x2e ./Core/Src/DS18B20.o
 .debug_macro   0x0001891f      0x1e4 ./Core/Src/DS18B20.o
 .debug_macro   0x00018b03      0x3fa ./Core/Src/DS18B20.o
 .debug_macro   0x00018efd       0x28 ./Core/Src/DS18B20.o
 .debug_macro   0x00018f25      0x123 ./Core/Src/DS18B20.o
 .debug_macro   0x00019048      0x22c ./Core/Src/DS18B20.o
 .debug_macro   0x00019274       0x67 ./Core/Src/DS18B20.o
 .debug_macro   0x000192db       0xa5 ./Core/Src/DS18B20.o
 .debug_macro   0x00019380      0x145 ./Core/Src/DS18B20.o
 .debug_macro   0x000194c5      0x30b ./Core/Src/DS18B20.o
 .debug_macro   0x000197d0      0x693 ./Core/Src/DS18B20.o
 .debug_macro   0x00019e63       0xa6 ./Core/Src/DS18B20.o
 .debug_macro   0x00019f09      0x5df ./Core/Src/DS18B20.o
 .debug_macro   0x0001a4e8       0x22 ./Core/Src/DS18B20.o
 .debug_macro   0x0001a50a       0x58 ./Core/Src/DS18B20.o
 .debug_macro   0x0001a562      0x233 ./Core/Src/DS3231(CLK).o
 .debug_macro   0x0001a795       0xe2 ./Core/Src/DS3231(CLK).o
 .debug_macro   0x0001a877      0x26b ./Core/Src/main.o
 .debug_macro   0x0001aae2       0xe8 ./Core/Src/main.o
 .debug_macro   0x0001abca       0x22 ./Core/Src/main.o
 .debug_macro   0x0001abec       0xbe ./Core/Src/main.o
 .debug_macro   0x0001acaa      0x22d ./Core/Src/mcp23017.o
 .debug_macro   0x0001aed7       0x6d ./Core/Src/ph.o
 .debug_macro   0x0001af44      0x237 ./Core/Src/physical_controls.o
 .debug_macro   0x0001b17b      0x32a ./Core/Src/state_logic.o
 .debug_macro   0x0001b4a5       0x61 ./Core/Src/state_logic.o
 .debug_macro   0x0001b506       0x24 ./Core/Src/state_logic.o
 .debug_macro   0x0001b52a       0x43 ./Core/Src/state_logic.o
 .debug_macro   0x0001b56d       0x34 ./Core/Src/state_logic.o
 .debug_macro   0x0001b5a1      0x364 ./Core/Src/state_logic.o
 .debug_macro   0x0001b905       0x16 ./Core/Src/state_logic.o
 .debug_macro   0x0001b91b       0x4a ./Core/Src/state_logic.o
 .debug_macro   0x0001b965       0x34 ./Core/Src/state_logic.o
 .debug_macro   0x0001b999       0x10 ./Core/Src/state_logic.o
 .debug_macro   0x0001b9a9       0x58 ./Core/Src/state_logic.o
 .debug_macro   0x0001ba01       0x8e ./Core/Src/state_logic.o
 .debug_macro   0x0001ba8f       0x1c ./Core/Src/state_logic.o
 .debug_macro   0x0001baab      0x17e ./Core/Src/state_logic.o
 .debug_macro   0x0001bc29      0x19b ./Core/Src/state_logic.o
 .debug_macro   0x0001bdc4      0x24b ./Core/Src/state_machine.o
 .debug_macro   0x0001c00f      0x224 ./Core/Src/stm32g0xx_hal_msp.o
 .debug_macro   0x0001c233      0x22e ./Core/Src/stm32g0xx_it.o
 .debug_macro   0x0001c461      0x20c ./Core/Src/system_stm32g0xx.o
 .debug_macro   0x0001c66d      0x2d9 ./Core/Src/turbidity.o
 .debug_macro   0x0001c946      0x231 ./Core/Src/waterlevel.o
 .debug_macro   0x0001cb77      0x230 ./Drivers/STM32G0xx_HAL_Driver/Src/stm32g0xx_hal.o
 .debug_macro   0x0001cda7      0x230 ./Drivers/STM32G0xx_HAL_Driver/Src/stm32g0xx_hal_adc.o
 .debug_macro   0x0001cfd7      0x20c ./Drivers/STM32G0xx_HAL_Driver/Src/stm32g0xx_hal_cortex.o
 .debug_macro   0x0001d1e3      0x20c ./Drivers/STM32G0xx_HAL_Driver/Src/stm32g0xx_hal_dma.o
 .debug_macro   0x0001d3ef      0x213 ./Drivers/STM32G0xx_HAL_Driver/Src/stm32g0xx_hal_gpio.o
 .debug_macro   0x0001d602      0x2d8 ./Drivers/STM32G0xx_HAL_Driver/Src/stm32g0xx_hal_i2c.o
 .debug_macro   0x0001d8da      0x20c ./Drivers/STM32G0xx_HAL_Driver/Src/stm32g0xx_hal_i2c_ex.o
 .debug_macro   0x0001dae6      0x236 ./Drivers/STM32G0xx_HAL_Driver/Src/stm32g0xx_hal_pwr_ex.o
 .debug_macro   0x0001dd1c      0x254 ./Drivers/STM32G0xx_HAL_Driver/Src/stm32g0xx_hal_rcc.o
 .debug_macro   0x0001df70      0x224 ./Drivers/STM32G0xx_HAL_Driver/Src/stm32g0xx_hal_rcc_ex.o
 .debug_macro   0x0001e194      0x237 ./Drivers/STM32G0xx_HAL_Driver/Src/stm32g0xx_hal_uart.o
 .debug_macro   0x0001e3cb      0x218 ./Drivers/STM32G0xx_HAL_Driver/Src/stm32g0xx_hal_uart_ex.o

.debug_line     0x00000000    0x17870
 .debug_line    0x00000000      0x8c8 ./Core/Src/DS18B20.o
 .debug_line    0x000008c8      0xf97 ./Core/Src/DS3231(CLK).o
 .debug_line    0x0000185f      0xbc2 ./Core/Src/main.o
 .debug_line    0x00002421      0x97c ./Core/Src/mcp23017.o
 .debug_line    0x00002d9d      0x403 ./Core/Src/ph.o
 .debug_line    0x000031a0      0x879 ./Core/Src/physical_controls.o
 .debug_line    0x00003a19      0xb86 ./Core/Src/state_logic.o
 .debug_line    0x0000459f      0x8ce ./Core/Src/state_machine.o
 .debug_line    0x00004e6d      0x9c2 ./Core/Src/stm32g0xx_hal_msp.o
 .debug_line    0x0000582f      0x7e3 ./Core/Src/stm32g0xx_it.o
 .debug_line    0x00006012      0x7ec ./Core/Src/system_stm32g0xx.o
 .debug_line    0x000067fe      0x926 ./Core/Src/turbidity.o
 .debug_line    0x00007124      0x82f ./Core/Src/waterlevel.o
 .debug_line    0x00007953       0x7b ./Core/Startup/startup_stm32g0b1retx.o
 .debug_line    0x000079ce      0xb65 ./Drivers/STM32G0xx_HAL_Driver/Src/stm32g0xx_hal.o
 .debug_line    0x00008533     0x1961 ./Drivers/STM32G0xx_HAL_Driver/Src/stm32g0xx_hal_adc.o
 .debug_line    0x00009e94      0xbc7 ./Drivers/STM32G0xx_HAL_Driver/Src/stm32g0xx_hal_cortex.o
 .debug_line    0x0000aa5b      0xea4 ./Drivers/STM32G0xx_HAL_Driver/Src/stm32g0xx_hal_dma.o
 .debug_line    0x0000b8ff      0xb97 ./Drivers/STM32G0xx_HAL_Driver/Src/stm32g0xx_hal_gpio.o
 .debug_line    0x0000c496     0x3754 ./Drivers/STM32G0xx_HAL_Driver/Src/stm32g0xx_hal_i2c.o
 .debug_line    0x0000fbea      0x8df ./Drivers/STM32G0xx_HAL_Driver/Src/stm32g0xx_hal_i2c_ex.o
 .debug_line    0x000104c9      0xc13 ./Drivers/STM32G0xx_HAL_Driver/Src/stm32g0xx_hal_pwr_ex.o
 .debug_line    0x000110dc     0x106c ./Drivers/STM32G0xx_HAL_Driver/Src/stm32g0xx_hal_rcc.o
 .debug_line    0x00012148     0x120f ./Drivers/STM32G0xx_HAL_Driver/Src/stm32g0xx_hal_rcc_ex.o
 .debug_line    0x00013357     0x37ce ./Drivers/STM32G0xx_HAL_Driver/Src/stm32g0xx_hal_uart.o
 .debug_line    0x00016b25      0xd4b ./Drivers/STM32G0xx_HAL_Driver/Src/stm32g0xx_hal_uart_ex.o

.debug_str      0x00000000    0xbf1a5
 .debug_str     0x00000000    0xbf1a5 ./Core/Src/DS18B20.o
                              0xb642c (size before relaxing)
 .debug_str     0x000bf1a5    0xb6c91 ./Core/Src/DS3231(CLK).o
 .debug_str     0x000bf1a5    0xb7390 ./Core/Src/main.o
 .debug_str     0x000bf1a5    0xb6757 ./Core/Src/mcp23017.o
 .debug_str     0x000bf1a5     0x3d85 ./Core/Src/ph.o
 .debug_str     0x000bf1a5    0xb667a ./Core/Src/physical_controls.o
 .debug_str     0x000bf1a5    0xba541 ./Core/Src/state_logic.o
 .debug_str     0x000bf1a5    0xb6261 ./Core/Src/state_machine.o
 .debug_str     0x000bf1a5    0xb6b08 ./Core/Src/stm32g0xx_hal_msp.o
 .debug_str     0x000bf1a5    0xb5d24 ./Core/Src/stm32g0xx_it.o
 .debug_str     0x000bf1a5    0xb5c68 ./Core/Src/system_stm32g0xx.o
 .debug_str     0x000bf1a5    0xb9636 ./Core/Src/turbidity.o
 .debug_str     0x000bf1a5    0xb6369 ./Core/Src/waterlevel.o
 .debug_str     0x000bf1a5       0xc1 ./Core/Startup/startup_stm32g0b1retx.o
 .debug_str     0x000bf1a5    0xb6541 ./Drivers/STM32G0xx_HAL_Driver/Src/stm32g0xx_hal.o
 .debug_str     0x000bf1a5    0xb6a4a ./Drivers/STM32G0xx_HAL_Driver/Src/stm32g0xx_hal_adc.o
 .debug_str     0x000bf1a5    0xb6179 ./Drivers/STM32G0xx_HAL_Driver/Src/stm32g0xx_hal_cortex.o
 .debug_str     0x000bf1a5    0xb6118 ./Drivers/STM32G0xx_HAL_Driver/Src/stm32g0xx_hal_dma.o
 .debug_str     0x000bf1a5    0xb5dcb ./Drivers/STM32G0xx_HAL_Driver/Src/stm32g0xx_hal_gpio.o
 .debug_str     0x000bf1a5    0xb7052 ./Drivers/STM32G0xx_HAL_Driver/Src/stm32g0xx_hal_i2c.o
 .debug_str     0x000bf1a5    0xb62d1 ./Drivers/STM32G0xx_HAL_Driver/Src/stm32g0xx_hal_i2c_ex.o
 .debug_str     0x000bf1a5    0xb61ea ./Drivers/STM32G0xx_HAL_Driver/Src/stm32g0xx_hal_pwr_ex.o
 .debug_str     0x000bf1a5    0xb6434 ./Drivers/STM32G0xx_HAL_Driver/Src/stm32g0xx_hal_rcc.o
 .debug_str     0x000bf1a5    0xb62c4 ./Drivers/STM32G0xx_HAL_Driver/Src/stm32g0xx_hal_rcc_ex.o
 .debug_str     0x000bf1a5    0xb6c53 ./Drivers/STM32G0xx_HAL_Driver/Src/stm32g0xx_hal_uart.o
 .debug_str     0x000bf1a5    0xb6519 ./Drivers/STM32G0xx_HAL_Driver/Src/stm32g0xx_hal_uart_ex.o

.comment        0x00000000       0x43
 .comment       0x00000000       0x43 ./Core/Src/DS18B20.o
                                 0x44 (size before relaxing)
 .comment       0x00000043       0x44 ./Core/Src/DS3231(CLK).o
 .comment       0x00000043       0x44 ./Core/Src/main.o
 .comment       0x00000043       0x44 ./Core/Src/mcp23017.o
 .comment       0x00000043       0x44 ./Core/Src/ph.o
 .comment       0x00000043       0x44 ./Core/Src/physical_controls.o
 .comment       0x00000043       0x44 ./Core/Src/state_logic.o
 .comment       0x00000043       0x44 ./Core/Src/state_machine.o
 .comment       0x00000043       0x44 ./Core/Src/stm32g0xx_hal_msp.o
 .comment       0x00000043       0x44 ./Core/Src/stm32g0xx_it.o
 .comment       0x00000043       0x44 ./Core/Src/system_stm32g0xx.o
 .comment       0x00000043       0x44 ./Core/Src/turbidity.o
 .comment       0x00000043       0x44 ./Core/Src/waterlevel.o
 .comment       0x00000043       0x44 ./Drivers/STM32G0xx_HAL_Driver/Src/stm32g0xx_hal.o
 .comment       0x00000043       0x44 ./Drivers/STM32G0xx_HAL_Driver/Src/stm32g0xx_hal_adc.o
 .comment       0x00000043       0x44 ./Drivers/STM32G0xx_HAL_Driver/Src/stm32g0xx_hal_cortex.o
 .comment       0x00000043       0x44 ./Drivers/STM32G0xx_HAL_Driver/Src/stm32g0xx_hal_dma.o
 .comment       0x00000043       0x44 ./Drivers/STM32G0xx_HAL_Driver/Src/stm32g0xx_hal_gpio.o
 .comment       0x00000043       0x44 ./Drivers/STM32G0xx_HAL_Driver/Src/stm32g0xx_hal_i2c.o
 .comment       0x00000043       0x44 ./Drivers/STM32G0xx_HAL_Driver/Src/stm32g0xx_hal_i2c_ex.o
 .comment       0x00000043       0x44 ./Drivers/STM32G0xx_HAL_Driver/Src/stm32g0xx_hal_pwr_ex.o
 .comment       0x00000043       0x44 ./Drivers/STM32G0xx_HAL_Driver/Src/stm32g0xx_hal_rcc.o
 .comment       0x00000043       0x44 ./Drivers/STM32G0xx_HAL_Driver/Src/stm32g0xx_hal_rcc_ex.o
 .comment       0x00000043       0x44 ./Drivers/STM32G0xx_HAL_Driver/Src/stm32g0xx_hal_uart.o
 .comment       0x00000043       0x44 ./Drivers/STM32G0xx_HAL_Driver/Src/stm32g0xx_hal_uart_ex.o

.debug_frame    0x00000000     0x44d8
 .debug_frame   0x00000000      0x114 ./Core/Src/DS18B20.o
 .debug_frame   0x00000114      0x61c ./Core/Src/DS3231(CLK).o
 .debug_frame   0x00000730      0x174 ./Core/Src/main.o
 .debug_frame   0x000008a4      0x214 ./Core/Src/mcp23017.o
 .debug_frame   0x00000ab8       0x30 ./Core/Src/ph.o
 .debug_frame   0x00000ae8      0x128 ./Core/Src/physical_controls.o
 .debug_frame   0x00000c10      0x104 ./Core/Src/state_logic.o
 .debug_frame   0x00000d14       0x84 ./Core/Src/state_machine.o
 .debug_frame   0x00000d98       0xf0 ./Core/Src/stm32g0xx_hal_msp.o
 .debug_frame   0x00000e88       0x9c ./Core/Src/stm32g0xx_it.o
 .debug_frame   0x00000f24       0x4c ./Core/Src/system_stm32g0xx.o
 .debug_frame   0x00000f70       0x50 ./Core/Src/turbidity.o
 .debug_frame   0x00000fc0       0x74 ./Core/Src/waterlevel.o
 .debug_frame   0x00001034      0x41c ./Drivers/STM32G0xx_HAL_Driver/Src/stm32g0xx_hal.o
 .debug_frame   0x00001450      0x78c ./Drivers/STM32G0xx_HAL_Driver/Src/stm32g0xx_hal_adc.o
 .debug_frame   0x00001bdc      0x33c ./Drivers/STM32G0xx_HAL_Driver/Src/stm32g0xx_hal_cortex.o
 .debug_frame   0x00001f18      0x1f0 ./Drivers/STM32G0xx_HAL_Driver/Src/stm32g0xx_hal_dma.o
 .debug_frame   0x00002108      0x130 ./Drivers/STM32G0xx_HAL_Driver/Src/stm32g0xx_hal_gpio.o
 .debug_frame   0x00002238      0xa68 ./Drivers/STM32G0xx_HAL_Driver/Src/stm32g0xx_hal_i2c.o
 .debug_frame   0x00002ca0       0xd0 ./Drivers/STM32G0xx_HAL_Driver/Src/stm32g0xx_hal_i2c_ex.o
 .debug_frame   0x00002d70      0x3f4 ./Drivers/STM32G0xx_HAL_Driver/Src/stm32g0xx_hal_pwr_ex.o
 .debug_frame   0x00003164      0x214 ./Drivers/STM32G0xx_HAL_Driver/Src/stm32g0xx_hal_rcc.o
 .debug_frame   0x00003378      0x1c0 ./Drivers/STM32G0xx_HAL_Driver/Src/stm32g0xx_hal_rcc_ex.o
 .debug_frame   0x00003538      0x8d8 ./Drivers/STM32G0xx_HAL_Driver/Src/stm32g0xx_hal_uart.o
 .debug_frame   0x00003e10      0x258 ./Drivers/STM32G0xx_HAL_Driver/Src/stm32g0xx_hal_uart_ex.o
 .debug_frame   0x00004068       0x20 /Applications/STM32CubeIDE.app/Contents/Eclipse/plugins/com.st.stm32cube.ide.mcu.externaltools.gnu-tools-for-stm32.14.3.rel1.macosaarch64_1.0.0.202602081740/tools/bin/../lib/gcc/arm-none-eabi/14.3.1/../../../../arm-none-eabi/lib/thumb/v6-m/nofp/libc_nano.a(libc_a-memset.o)
 .debug_frame   0x00004088       0x2c /Applications/STM32CubeIDE.app/Contents/Eclipse/plugins/com.st.stm32cube.ide.mcu.externaltools.gnu-tools-for-stm32.14.3.rel1.macosaarch64_1.0.0.202602081740/tools/bin/../lib/gcc/arm-none-eabi/14.3.1/../../../../arm-none-eabi/lib/thumb/v6-m/nofp/libc_nano.a(libc_a-init.o)
 .debug_frame   0x000040b4       0x20 /Applications/STM32CubeIDE.app/Contents/Eclipse/plugins/com.st.stm32cube.ide.mcu.externaltools.gnu-tools-for-stm32.14.3.rel1.macosaarch64_1.0.0.202602081740/tools/bin/../lib/gcc/arm-none-eabi/14.3.1/thumb/v6-m/nofp/libgcc.a(_udivsi3.o)
 .debug_frame   0x000040d4       0x20 /Applications/STM32CubeIDE.app/Contents/Eclipse/plugins/com.st.stm32cube.ide.mcu.externaltools.gnu-tools-for-stm32.14.3.rel1.macosaarch64_1.0.0.202602081740/tools/bin/../lib/gcc/arm-none-eabi/14.3.1/thumb/v6-m/nofp/libgcc.a(_divsi3.o)
 .debug_frame   0x000040f4       0x3c /Applications/STM32CubeIDE.app/Contents/Eclipse/plugins/com.st.stm32cube.ide.mcu.externaltools.gnu-tools-for-stm32.14.3.rel1.macosaarch64_1.0.0.202602081740/tools/bin/../lib/gcc/arm-none-eabi/14.3.1/thumb/v6-m/nofp/libgcc.a(_udivmoddi4.o)
 .debug_frame   0x00004130       0x38 /Applications/STM32CubeIDE.app/Contents/Eclipse/plugins/com.st.stm32cube.ide.mcu.externaltools.gnu-tools-for-stm32.14.3.rel1.macosaarch64_1.0.0.202602081740/tools/bin/../lib/gcc/arm-none-eabi/14.3.1/thumb/v6-m/nofp/libgcc.a(addsf3.o)