../Core/Src/main.c:102:5:main	16	static
../Core/Src/main.c:185:6:SystemClock_Config	96	static
../Core/Src/main.c:226:13:MX_ADC1_Init	24	static
../Core/Src/main.c:293:13:MX_I2C1_Init	8	static
../Core/Src/main.c:341:13:MX_I2C2_Init	8	static
../Core/Src/main.c:389:13:MX_I2C3_Init	8	static
../Core/Src/main.c:437:13:MX_USART1_UART_Init	8	static
../Core/Src/main.c:485:13:MX_USART2_UART_Init	8	static
../Core/Src/main.c:533:13:MX_USART3_UART_Init	8	static
../Core/Src/main.c:579:13:MX_DMA_Init	16	static
../Core/Src/main.c:592:13:MX_GPIO_Init	56	static
../Core/Src/main.c:659:6:Error_Handler	8	static,ignoring_inline_asm
